// Vitest Snapshot v1, https://vitest.dev/guide/snapshot.html

exports[`arm > should calculate the time to goal going down 1`] = `
[
  {
    "angularVelocity": -7.34318,
    "batteryVoltage": 12,
    "currentDraw": 0.00001,
    "timeSeconds": 0.001,
  },
  {
    "angularVelocity": -58.26804,
    "batteryVoltage": 12.00002,
    "currentDraw": -0.00146,
    "timeSeconds": 0.011,
  },
  {
    "angularVelocity": -58.26829,
    "batteryVoltage": 12.00005,
    "currentDraw": -0.0035,
    "timeSeconds": 0.021,
  },
  {
    "angularVelocity": -58.26853,
    "batteryVoltage": 12.00008,
    "currentDraw": -0.00549,
    "timeSeconds": 0.031,
  },
  {
    "angularVelocity": -58.26878,
    "batteryVoltage": 12.00011,
    "currentDraw": -0.00749,
    "timeSeconds": 0.041,
  },
  {
    "angularVelocity": -58.26902,
    "batteryVoltage": 12.00014,
    "currentDraw": -0.00949,
    "timeSeconds": 0.051,
  },
  {
    "angularVelocity": -58.26926,
    "batteryVoltage": 12.00017,
    "currentDraw": -0.01141,
    "timeSeconds": 0.061,
  },
  {
    "angularVelocity": -58.26949,
    "batteryVoltage": 12.0002,
    "currentDraw": -0.01332,
    "timeSeconds": 0.071,
  },
  {
    "angularVelocity": -58.26972,
    "batteryVoltage": 12.00023,
    "currentDraw": -0.01519,
    "timeSeconds": 0.081,
  },
  {
    "angularVelocity": -58.26995,
    "batteryVoltage": 12.00026,
    "currentDraw": -0.01704,
    "timeSeconds": 0.091,
  },
  {
    "angularVelocity": -58.27016,
    "batteryVoltage": 12.00028,
    "currentDraw": -0.01879,
    "timeSeconds": 0.101,
  },
  {
    "angularVelocity": -58.27037,
    "batteryVoltage": 12.00031,
    "currentDraw": -0.02049,
    "timeSeconds": 0.111,
  },
  {
    "angularVelocity": -58.27057,
    "batteryVoltage": 12.00033,
    "currentDraw": -0.02212,
    "timeSeconds": 0.121,
  },
  {
    "angularVelocity": -58.27076,
    "batteryVoltage": 12.00035,
    "currentDraw": -0.02366,
    "timeSeconds": 0.131,
  },
  {
    "angularVelocity": -58.27094,
    "batteryVoltage": 12.00038,
    "currentDraw": -0.02516,
    "timeSeconds": 0.141,
  },
  {
    "angularVelocity": -58.27111,
    "batteryVoltage": 12.0004,
    "currentDraw": -0.02657,
    "timeSeconds": 0.151,
  },
  {
    "angularVelocity": -58.27128,
    "batteryVoltage": 12.00042,
    "currentDraw": -0.02789,
    "timeSeconds": 0.161,
  },
  {
    "angularVelocity": -58.27142,
    "batteryVoltage": 12.00044,
    "currentDraw": -0.0291,
    "timeSeconds": 0.171,
  },
  {
    "angularVelocity": -58.27156,
    "batteryVoltage": 12.00045,
    "currentDraw": -0.03025,
    "timeSeconds": 0.181,
  },
  {
    "angularVelocity": -58.27169,
    "batteryVoltage": 12.00047,
    "currentDraw": -0.0313,
    "timeSeconds": 0.191,
  },
  {
    "angularVelocity": -58.27181,
    "batteryVoltage": 12.00048,
    "currentDraw": -0.03222,
    "timeSeconds": 0.201,
  },
  {
    "angularVelocity": -58.27191,
    "batteryVoltage": 12.0005,
    "currentDraw": -0.03305,
    "timeSeconds": 0.211,
  },
  {
    "angularVelocity": -58.272,
    "batteryVoltage": 12.00051,
    "currentDraw": -0.03379,
    "timeSeconds": 0.221,
  },
  {
    "angularVelocity": -58.27207,
    "batteryVoltage": 12.00052,
    "currentDraw": -0.03442,
    "timeSeconds": 0.231,
  },
  {
    "angularVelocity": -58.27214,
    "batteryVoltage": 12.00052,
    "currentDraw": -0.03494,
    "timeSeconds": 0.241,
  },
  {
    "angularVelocity": -58.27218,
    "batteryVoltage": 12.00053,
    "currentDraw": -0.03532,
    "timeSeconds": 0.251,
  },
  {
    "angularVelocity": -58.27222,
    "batteryVoltage": 12.00053,
    "currentDraw": -0.03562,
    "timeSeconds": 0.261,
  },
  {
    "angularVelocity": -58.27225,
    "batteryVoltage": 12.00054,
    "currentDraw": -0.03582,
    "timeSeconds": 0.271,
  },
  {
    "angularVelocity": -58.27225,
    "batteryVoltage": 12.00054,
    "currentDraw": -0.03587,
    "timeSeconds": 0.281,
  },
]
`;

exports[`arm > should calculate the time to goal going up 1`] = `
[
  {
    "angularVelocity": 7.33878,
    "batteryVoltage": 11.99993,
    "currentDraw": 0.03592,
    "timeSeconds": 0.001,
  },
  {
    "angularVelocity": 58.26347,
    "batteryVoltage": 11.99946,
    "currentDraw": 0.03588,
    "timeSeconds": 0.011,
  },
  {
    "angularVelocity": 58.26349,
    "batteryVoltage": 11.99946,
    "currentDraw": 0.03574,
    "timeSeconds": 0.021,
  },
  {
    "angularVelocity": 58.26352,
    "batteryVoltage": 11.99947,
    "currentDraw": 0.03548,
    "timeSeconds": 0.031,
  },
  {
    "angularVelocity": 58.26357,
    "batteryVoltage": 11.99947,
    "currentDraw": 0.03509,
    "timeSeconds": 0.041,
  },
  {
    "angularVelocity": 58.26362,
    "batteryVoltage": 11.99948,
    "currentDraw": 0.03463,
    "timeSeconds": 0.051,
  },
  {
    "angularVelocity": 58.2637,
    "batteryVoltage": 11.99949,
    "currentDraw": 0.03402,
    "timeSeconds": 0.061,
  },
  {
    "angularVelocity": 58.26378,
    "batteryVoltage": 11.9995,
    "currentDraw": 0.03335,
    "timeSeconds": 0.071,
  },
  {
    "angularVelocity": 58.26388,
    "batteryVoltage": 11.99951,
    "currentDraw": 0.03252,
    "timeSeconds": 0.081,
  },
  {
    "angularVelocity": 58.264,
    "batteryVoltage": 11.99953,
    "currentDraw": 0.0316,
    "timeSeconds": 0.091,
  },
  {
    "angularVelocity": 58.26412,
    "batteryVoltage": 11.99954,
    "currentDraw": 0.0306,
    "timeSeconds": 0.101,
  },
  {
    "angularVelocity": 58.26425,
    "batteryVoltage": 11.99956,
    "currentDraw": 0.0295,
    "timeSeconds": 0.111,
  },
  {
    "angularVelocity": 58.2644,
    "batteryVoltage": 11.99958,
    "currentDraw": 0.02829,
    "timeSeconds": 0.121,
  },
  {
    "angularVelocity": 58.26456,
    "batteryVoltage": 11.99959,
    "currentDraw": 0.02701,
    "timeSeconds": 0.131,
  },
  {
    "angularVelocity": 58.26473,
    "batteryVoltage": 11.99962,
    "currentDraw": 0.02561,
    "timeSeconds": 0.141,
  },
  {
    "angularVelocity": 58.26491,
    "batteryVoltage": 11.99964,
    "currentDraw": 0.02416,
    "timeSeconds": 0.151,
  },
  {
    "angularVelocity": 58.2651,
    "batteryVoltage": 11.99966,
    "currentDraw": 0.0226,
    "timeSeconds": 0.161,
  },
  {
    "angularVelocity": 58.26529,
    "batteryVoltage": 11.99968,
    "currentDraw": 0.02104,
    "timeSeconds": 0.171,
  },
  {
    "angularVelocity": 58.2655,
    "batteryVoltage": 11.99971,
    "currentDraw": 0.01932,
    "timeSeconds": 0.181,
  },
  {
    "angularVelocity": 58.26571,
    "batteryVoltage": 11.99974,
    "currentDraw": 0.01761,
    "timeSeconds": 0.191,
  },
  {
    "angularVelocity": 58.26593,
    "batteryVoltage": 11.99976,
    "currentDraw": 0.01578,
    "timeSeconds": 0.201,
  },
  {
    "angularVelocity": 58.26615,
    "batteryVoltage": 11.99979,
    "currentDraw": 0.01397,
    "timeSeconds": 0.211,
  },
  {
    "angularVelocity": 58.26639,
    "batteryVoltage": 11.99982,
    "currentDraw": 0.01205,
    "timeSeconds": 0.221,
  },
  {
    "angularVelocity": 58.26662,
    "batteryVoltage": 11.99985,
    "currentDraw": 0.01012,
    "timeSeconds": 0.231,
  },
  {
    "angularVelocity": 58.26686,
    "batteryVoltage": 11.99988,
    "currentDraw": 0.00819,
    "timeSeconds": 0.241,
  },
  {
    "angularVelocity": 58.26711,
    "batteryVoltage": 11.99991,
    "currentDraw": 0.00618,
    "timeSeconds": 0.251,
  },
  {
    "angularVelocity": 58.26735,
    "batteryVoltage": 11.99994,
    "currentDraw": 0.00419,
    "timeSeconds": 0.261,
  },
  {
    "angularVelocity": 58.26759,
    "batteryVoltage": 11.99997,
    "currentDraw": 0.00219,
    "timeSeconds": 0.271,
  },
  {
    "angularVelocity": 58.26784,
    "batteryVoltage": 12,
    "currentDraw": 0.00015,
    "timeSeconds": 0.281,
  },
]
`;
