// Vitest Snapshot v1, https://vitest.dev/guide/snapshot.html

exports[`linear simulation optimizer fuzz cases > keeps configuration-cell results valid across grid-limit combinations 1`] = `
[
  {
    "cascade": false,
    "energy": 10.43948,
    "optimalRatio": 4.21848,
    "peakCurrent": 7.05702,
    "stator": 10,
    "success": true,
    "supply": 10,
    "time": 0.3855,
  },
  {
    "cascade": true,
    "energy": 10.40855,
    "optimalRatio": 7.06594,
    "peakCurrent": 7.098973,
    "stator": 10,
    "success": true,
    "supply": 10,
    "time": 0.318,
  },
  {
    "cascade": false,
    "energy": 10.43948,
    "optimalRatio": 4.21848,
    "peakCurrent": 7.05702,
    "stator": 10,
    "success": true,
    "supply": 20,
    "time": 0.3855,
  },
  {
    "cascade": true,
    "energy": 10.40855,
    "optimalRatio": 7.06594,
    "peakCurrent": 7.098973,
    "stator": 10,
    "success": true,
    "supply": 20,
    "time": 0.318,
  },
  {
    "cascade": false,
    "energy": 10.43948,
    "optimalRatio": 4.21848,
    "peakCurrent": 7.05702,
    "stator": 10,
    "success": true,
    "supply": 60,
    "time": 0.3855,
  },
  {
    "cascade": true,
    "energy": 10.40855,
    "optimalRatio": 7.06594,
    "peakCurrent": 7.098973,
    "stator": 10,
    "success": true,
    "supply": 60,
    "time": 0.318,
  },
  {
    "cascade": false,
    "energy": 10.91809,
    "optimalRatio": 3.085329,
    "peakCurrent": 8.981247,
    "stator": 20,
    "success": true,
    "supply": 10,
    "time": 0.29,
  },
  {
    "cascade": true,
    "energy": 10.65073,
    "optimalRatio": 5.86249,
    "peakCurrent": 8.363822,
    "stator": 20,
    "success": true,
    "supply": 10,
    "time": 0.2425,
  },
  {
    "cascade": false,
    "energy": 10.97072,
    "optimalRatio": 3.085329,
    "peakCurrent": 14.73132,
    "stator": 20,
    "success": true,
    "supply": 20,
    "time": 0.29,
  },
  {
    "cascade": true,
    "energy": 10.81839,
    "optimalRatio": 5.066682,
    "peakCurrent": 14.16546,
    "stator": 20,
    "success": true,
    "supply": 20,
    "time": 0.236,
  },
  {
    "cascade": false,
    "energy": 10.97072,
    "optimalRatio": 3.085329,
    "peakCurrent": 14.73132,
    "stator": 20,
    "success": true,
    "supply": 60,
    "time": 0.29,
  },
  {
    "cascade": true,
    "energy": 10.81839,
    "optimalRatio": 5.066682,
    "peakCurrent": 14.16546,
    "stator": 20,
    "success": true,
    "supply": 60,
    "time": 0.236,
  },
  {
    "cascade": false,
    "energy": 10.68268,
    "optimalRatio": 3.524241,
    "peakCurrent": 8.525139,
    "stator": 40,
    "success": true,
    "supply": 10,
    "time": 0.32,
  },
  {
    "cascade": true,
    "energy": 10.57592,
    "optimalRatio": 6.120066,
    "peakCurrent": 8.108402,
    "stator": 40,
    "success": true,
    "supply": 10,
    "time": 0.267,
  },
  {
    "cascade": false,
    "energy": 12.60872,
    "optimalRatio": 2.371362,
    "peakCurrent": 18.39598,
    "stator": 40,
    "success": true,
    "supply": 20,
    "time": 0.223,
  },
  {
    "cascade": true,
    "energy": 11.96285,
    "optimalRatio": 3.89693,
    "peakCurrent": 18.06283,
    "stator": 40,
    "success": true,
    "supply": 20,
    "time": 0.1805,
  },
  {
    "cascade": false,
    "energy": 12.73993,
    "optimalRatio": 2.371362,
    "peakCurrent": 30.00534,
    "stator": 40,
    "success": true,
    "supply": 60,
    "time": 0.223,
  },
  {
    "cascade": true,
    "energy": 12.08653,
    "optimalRatio": 3.89693,
    "peakCurrent": 27.82307,
    "stator": 40,
    "success": true,
    "supply": 60,
    "time": 0.1805,
  },
]
`;

exports[`linear simulation optimizer fuzz cases > keeps ratio optimization results inside the search domain 1`] = `
[
  {
    "efficiency": 0.5,
    "energy": 4.518981,
    "initialRatio": 0.5,
    "optimalRatio": 50,
    "peakCurrent": 0.5729088,
    "stator": 10,
    "time": 0.6765,
  },
  {
    "efficiency": 0.75,
    "energy": 3.008021,
    "initialRatio": 0.5,
    "optimalRatio": 50,
    "peakCurrent": 0.3839649,
    "stator": 10,
    "time": 0.6765,
  },
  {
    "efficiency": 0.9,
    "energy": 2.529763,
    "initialRatio": 0.5,
    "optimalRatio": 49.8905,
    "peakCurrent": 0.3219068,
    "stator": 10,
    "time": 0.6765,
  },
  {
    "efficiency": 1,
    "energy": 1.705111,
    "initialRatio": 0.5,
    "optimalRatio": 0.25,
    "peakCurrent": 0.2100592,
    "stator": 10,
    "time": 0.6765,
  },
  {
    "efficiency": 0.5,
    "energy": 4.518981,
    "initialRatio": 1,
    "optimalRatio": 50,
    "peakCurrent": 0.5729088,
    "stator": 10,
    "time": 0.6765,
  },
  {
    "efficiency": 0.75,
    "energy": 3.008021,
    "initialRatio": 1,
    "optimalRatio": 50,
    "peakCurrent": 0.3839649,
    "stator": 10,
    "time": 0.6765,
  },
  {
    "efficiency": 0.9,
    "energy": 2.529763,
    "initialRatio": 1,
    "optimalRatio": 49.8905,
    "peakCurrent": 0.3219068,
    "stator": 10,
    "time": 0.6765,
  },
  {
    "efficiency": 1,
    "energy": 1.705111,
    "initialRatio": 1,
    "optimalRatio": 0.25,
    "peakCurrent": 0.2100592,
    "stator": 10,
    "time": 0.6765,
  },
  {
    "efficiency": 0.5,
    "energy": 4.518981,
    "initialRatio": 5,
    "optimalRatio": 50,
    "peakCurrent": 0.5729088,
    "stator": 10,
    "time": 0.6765,
  },
  {
    "efficiency": 0.75,
    "energy": 3.008021,
    "initialRatio": 5,
    "optimalRatio": 50,
    "peakCurrent": 0.3839649,
    "stator": 10,
    "time": 0.6765,
  },
  {
    "efficiency": 0.9,
    "energy": 2.529763,
    "initialRatio": 5,
    "optimalRatio": 49.8905,
    "peakCurrent": 0.3219068,
    "stator": 10,
    "time": 0.6765,
  },
  {
    "efficiency": 1,
    "energy": 1.705111,
    "initialRatio": 5,
    "optimalRatio": 0.25,
    "peakCurrent": 0.2100592,
    "stator": 10,
    "time": 0.6765,
  },
  {
    "efficiency": 0.5,
    "energy": 4.518981,
    "initialRatio": 20,
    "optimalRatio": 50,
    "peakCurrent": 0.5729088,
    "stator": 10,
    "time": 0.6765,
  },
  {
    "efficiency": 0.75,
    "energy": 3.008021,
    "initialRatio": 20,
    "optimalRatio": 50,
    "peakCurrent": 0.3839649,
    "stator": 10,
    "time": 0.6765,
  },
  {
    "efficiency": 0.9,
    "energy": 2.529763,
    "initialRatio": 20,
    "optimalRatio": 49.8905,
    "peakCurrent": 0.3219068,
    "stator": 10,
    "time": 0.6765,
  },
  {
    "efficiency": 1,
    "energy": 1.705111,
    "initialRatio": 20,
    "optimalRatio": 0.25,
    "peakCurrent": 0.2100592,
    "stator": 10,
    "time": 0.6765,
  },
  {
    "efficiency": 0.5,
    "energy": 4.518981,
    "initialRatio": 0.5,
    "optimalRatio": 50,
    "peakCurrent": 0.5729088,
    "stator": 30,
    "time": 0.6765,
  },
  {
    "efficiency": 0.75,
    "energy": 3.008021,
    "initialRatio": 0.5,
    "optimalRatio": 50,
    "peakCurrent": 0.3839649,
    "stator": 30,
    "time": 0.6765,
  },
  {
    "efficiency": 0.9,
    "energy": 2.529763,
    "initialRatio": 0.5,
    "optimalRatio": 49.8905,
    "peakCurrent": 0.3219068,
    "stator": 30,
    "time": 0.6765,
  },
  {
    "efficiency": 1,
    "energy": 15.346,
    "initialRatio": 0.5,
    "optimalRatio": 0.25,
    "peakCurrent": 1.891857,
    "stator": 30,
    "time": 0.6765,
  },
  {
    "efficiency": 0.5,
    "energy": 4.518981,
    "initialRatio": 1,
    "optimalRatio": 50,
    "peakCurrent": 0.5729088,
    "stator": 30,
    "time": 0.6765,
  },
  {
    "efficiency": 0.75,
    "energy": 3.008021,
    "initialRatio": 1,
    "optimalRatio": 50,
    "peakCurrent": 0.3839649,
    "stator": 30,
    "time": 0.6765,
  },
  {
    "efficiency": 0.9,
    "energy": 2.529763,
    "initialRatio": 1,
    "optimalRatio": 49.8905,
    "peakCurrent": 0.3219068,
    "stator": 30,
    "time": 0.6765,
  },
  {
    "efficiency": 1,
    "energy": 15.346,
    "initialRatio": 1,
    "optimalRatio": 0.25,
    "peakCurrent": 1.891857,
    "stator": 30,
    "time": 0.6765,
  },
  {
    "efficiency": 0.5,
    "energy": 4.518981,
    "initialRatio": 5,
    "optimalRatio": 50,
    "peakCurrent": 0.5729088,
    "stator": 30,
    "time": 0.6765,
  },
  {
    "efficiency": 0.75,
    "energy": 3.008021,
    "initialRatio": 5,
    "optimalRatio": 50,
    "peakCurrent": 0.3839649,
    "stator": 30,
    "time": 0.6765,
  },
  {
    "efficiency": 0.9,
    "energy": 2.529763,
    "initialRatio": 5,
    "optimalRatio": 49.8905,
    "peakCurrent": 0.3219068,
    "stator": 30,
    "time": 0.6765,
  },
  {
    "efficiency": 1,
    "energy": 15.346,
    "initialRatio": 5,
    "optimalRatio": 0.25,
    "peakCurrent": 1.891857,
    "stator": 30,
    "time": 0.6765,
  },
  {
    "efficiency": 0.5,
    "energy": 4.518981,
    "initialRatio": 20,
    "optimalRatio": 50,
    "peakCurrent": 0.5729088,
    "stator": 30,
    "time": 0.6765,
  },
  {
    "efficiency": 0.75,
    "energy": 3.008021,
    "initialRatio": 20,
    "optimalRatio": 50,
    "peakCurrent": 0.3839649,
    "stator": 30,
    "time": 0.6765,
  },
  {
    "efficiency": 0.9,
    "energy": 2.529763,
    "initialRatio": 20,
    "optimalRatio": 49.8905,
    "peakCurrent": 0.3219068,
    "stator": 30,
    "time": 0.6765,
  },
  {
    "efficiency": 1,
    "energy": 15.346,
    "initialRatio": 20,
    "optimalRatio": 0.25,
    "peakCurrent": 1.891857,
    "stator": 30,
    "time": 0.6765,
  },
  {
    "efficiency": 0.5,
    "energy": 4.518981,
    "initialRatio": 0.5,
    "optimalRatio": 50,
    "peakCurrent": 0.5729088,
    "stator": 60,
    "time": 0.6765,
  },
  {
    "efficiency": 0.75,
    "energy": 3.008021,
    "initialRatio": 0.5,
    "optimalRatio": 50,
    "peakCurrent": 0.3839649,
    "stator": 60,
    "time": 0.6765,
  },
  {
    "efficiency": 0.9,
    "energy": 2.529763,
    "initialRatio": 0.5,
    "optimalRatio": 49.8905,
    "peakCurrent": 0.3219068,
    "stator": 60,
    "time": 0.6765,
  },
  {
    "efficiency": 1,
    "energy": 63.6836,
    "initialRatio": 0.5,
    "optimalRatio": 0.25,
    "peakCurrent": 8.155829,
    "stator": 60,
    "time": 0.6765,
  },
  {
    "efficiency": 0.5,
    "energy": 4.518981,
    "initialRatio": 1,
    "optimalRatio": 50,
    "peakCurrent": 0.5729088,
    "stator": 60,
    "time": 0.6765,
  },
  {
    "efficiency": 0.75,
    "energy": 3.008021,
    "initialRatio": 1,
    "optimalRatio": 50,
    "peakCurrent": 0.3839649,
    "stator": 60,
    "time": 0.6765,
  },
  {
    "efficiency": 0.9,
    "energy": 2.529763,
    "initialRatio": 1,
    "optimalRatio": 49.8905,
    "peakCurrent": 0.3219068,
    "stator": 60,
    "time": 0.6765,
  },
  {
    "efficiency": 1,
    "energy": 63.6836,
    "initialRatio": 1,
    "optimalRatio": 0.25,
    "peakCurrent": 8.155829,
    "stator": 60,
    "time": 0.6765,
  },
  {
    "efficiency": 0.5,
    "energy": 4.518981,
    "initialRatio": 5,
    "optimalRatio": 50,
    "peakCurrent": 0.5729088,
    "stator": 60,
    "time": 0.6765,
  },
  {
    "efficiency": 0.75,
    "energy": 3.008021,
    "initialRatio": 5,
    "optimalRatio": 50,
    "peakCurrent": 0.3839649,
    "stator": 60,
    "time": 0.6765,
  },
  {
    "efficiency": 0.9,
    "energy": 2.529763,
    "initialRatio": 5,
    "optimalRatio": 49.8905,
    "peakCurrent": 0.3219068,
    "stator": 60,
    "time": 0.6765,
  },
  {
    "efficiency": 1,
    "energy": 63.6836,
    "initialRatio": 5,
    "optimalRatio": 0.25,
    "peakCurrent": 8.155829,
    "stator": 60,
    "time": 0.6765,
  },
  {
    "efficiency": 0.5,
    "energy": 4.518981,
    "initialRatio": 20,
    "optimalRatio": 50,
    "peakCurrent": 0.5729088,
    "stator": 60,
    "time": 0.6765,
  },
  {
    "efficiency": 0.75,
    "energy": 3.008021,
    "initialRatio": 20,
    "optimalRatio": 50,
    "peakCurrent": 0.3839649,
    "stator": 60,
    "time": 0.6765,
  },
  {
    "efficiency": 0.9,
    "energy": 2.529763,
    "initialRatio": 20,
    "optimalRatio": 49.8905,
    "peakCurrent": 0.3219068,
    "stator": 60,
    "time": 0.6765,
  },
  {
    "efficiency": 1,
    "energy": 63.6836,
    "initialRatio": 20,
    "optimalRatio": 0.25,
    "peakCurrent": 8.155829,
    "stator": 60,
    "time": 0.6765,
  },
]
`;

exports[`linear simulation optimizer fuzz cases > keeps single simulations coherent across ratios and current limits 1`] = `
[
  {
    "energy": 1.705111,
    "peakCurrent": 0.2100592,
    "ratio": 0.25,
    "stator": 10,
    "success": false,
    "supply": 10,
    "time": 0.6765,
  },
  {
    "energy": 1.705111,
    "peakCurrent": 0.2100592,
    "ratio": 0.25,
    "stator": 10,
    "success": false,
    "supply": 20,
    "time": 0.6765,
  },
  {
    "energy": 1.705111,
    "peakCurrent": 0.2100592,
    "ratio": 0.25,
    "stator": 10,
    "success": false,
    "supply": 60,
    "time": 0.6765,
  },
  {
    "energy": 6.820445,
    "peakCurrent": 0.8404571,
    "ratio": 0.25,
    "stator": 20,
    "success": false,
    "supply": 10,
    "time": 0.6765,
  },
  {
    "energy": 6.820445,
    "peakCurrent": 0.8404571,
    "ratio": 0.25,
    "stator": 20,
    "success": false,
    "supply": 20,
    "time": 0.6765,
  },
  {
    "energy": 6.820445,
    "peakCurrent": 0.8404571,
    "ratio": 0.25,
    "stator": 20,
    "success": false,
    "supply": 60,
    "time": 0.6765,
  },
  {
    "energy": 27.28178,
    "peakCurrent": 3.365366,
    "ratio": 0.25,
    "stator": 40,
    "success": false,
    "supply": 10,
    "time": 0.6765,
  },
  {
    "energy": 27.28178,
    "peakCurrent": 3.365366,
    "ratio": 0.25,
    "stator": 40,
    "success": false,
    "supply": 20,
    "time": 0.6765,
  },
  {
    "energy": 27.28178,
    "peakCurrent": 3.365366,
    "ratio": 0.25,
    "stator": 40,
    "success": false,
    "supply": 60,
    "time": 0.6765,
  },
  {
    "energy": 1.705111,
    "peakCurrent": 0.2100592,
    "ratio": 0.5,
    "stator": 10,
    "success": false,
    "supply": 10,
    "time": 0.6765,
  },
  {
    "energy": 1.705111,
    "peakCurrent": 0.2100592,
    "ratio": 0.5,
    "stator": 10,
    "success": false,
    "supply": 20,
    "time": 0.6765,
  },
  {
    "energy": 1.705111,
    "peakCurrent": 0.2100592,
    "ratio": 0.5,
    "stator": 10,
    "success": false,
    "supply": 60,
    "time": 0.6765,
  },
  {
    "energy": 6.820445,
    "peakCurrent": 0.8404571,
    "ratio": 0.5,
    "stator": 20,
    "success": false,
    "supply": 10,
    "time": 0.6765,
  },
  {
    "energy": 6.820445,
    "peakCurrent": 0.8404571,
    "ratio": 0.5,
    "stator": 20,
    "success": false,
    "supply": 20,
    "time": 0.6765,
  },
  {
    "energy": 6.820445,
    "peakCurrent": 0.8404571,
    "ratio": 0.5,
    "stator": 20,
    "success": false,
    "supply": 60,
    "time": 0.6765,
  },
  {
    "energy": 26.49888,
    "peakCurrent": 6.684201,
    "ratio": 0.5,
    "stator": 40,
    "success": true,
    "supply": 10,
    "time": 0.6765,
  },
  {
    "energy": 26.49888,
    "peakCurrent": 6.684201,
    "ratio": 0.5,
    "stator": 40,
    "success": true,
    "supply": 20,
    "time": 0.6765,
  },
  {
    "energy": 26.49888,
    "peakCurrent": 6.684201,
    "ratio": 0.5,
    "stator": 40,
    "success": true,
    "supply": 60,
    "time": 0.6765,
  },
  {
    "energy": 1.705111,
    "peakCurrent": 0.2100592,
    "ratio": 1,
    "stator": 10,
    "success": false,
    "supply": 10,
    "time": 0.6765,
  },
  {
    "energy": 1.705111,
    "peakCurrent": 0.2100592,
    "ratio": 1,
    "stator": 10,
    "success": false,
    "supply": 20,
    "time": 0.6765,
  },
  {
    "energy": 1.705111,
    "peakCurrent": 0.2100592,
    "ratio": 1,
    "stator": 10,
    "success": false,
    "supply": 60,
    "time": 0.6765,
  },
  {
    "energy": 14.28214,
    "peakCurrent": 4.260206,
    "ratio": 1,
    "stator": 20,
    "success": true,
    "supply": 10,
    "time": 0.6765,
  },
  {
    "energy": 14.28214,
    "peakCurrent": 4.260206,
    "ratio": 1,
    "stator": 20,
    "success": true,
    "supply": 20,
    "time": 0.6765,
  },
  {
    "energy": 14.28214,
    "peakCurrent": 4.260206,
    "ratio": 1,
    "stator": 20,
    "success": true,
    "supply": 60,
    "time": 0.6765,
  },
  {
    "energy": 14.26829,
    "peakCurrent": 4.35671,
    "ratio": 1,
    "stator": 40,
    "success": true,
    "supply": 10,
    "time": 0.6765,
  },
  {
    "energy": 14.26829,
    "peakCurrent": 4.35671,
    "ratio": 1,
    "stator": 40,
    "success": true,
    "supply": 20,
    "time": 0.6765,
  },
  {
    "energy": 14.26829,
    "peakCurrent": 4.35671,
    "ratio": 1,
    "stator": 40,
    "success": true,
    "supply": 60,
    "time": 0.6765,
  },
  {
    "energy": 11.20995,
    "peakCurrent": 3.747021,
    "ratio": 2,
    "stator": 10,
    "success": true,
    "supply": 10,
    "time": 0.6765,
  },
  {
    "energy": 11.20995,
    "peakCurrent": 3.747021,
    "ratio": 2,
    "stator": 10,
    "success": true,
    "supply": 20,
    "time": 0.6765,
  },
  {
    "energy": 11.20995,
    "peakCurrent": 3.747021,
    "ratio": 2,
    "stator": 10,
    "success": true,
    "supply": 60,
    "time": 0.6765,
  },
  {
    "energy": 11.19228,
    "peakCurrent": 3.679147,
    "ratio": 2,
    "stator": 20,
    "success": true,
    "supply": 10,
    "time": 0.6765,
  },
  {
    "energy": 11.19228,
    "peakCurrent": 3.679147,
    "ratio": 2,
    "stator": 20,
    "success": true,
    "supply": 20,
    "time": 0.6765,
  },
  {
    "energy": 11.19228,
    "peakCurrent": 3.679147,
    "ratio": 2,
    "stator": 20,
    "success": true,
    "supply": 60,
    "time": 0.6765,
  },
  {
    "energy": 11.19228,
    "peakCurrent": 3.679147,
    "ratio": 2,
    "stator": 40,
    "success": true,
    "supply": 10,
    "time": 0.6765,
  },
  {
    "energy": 11.19228,
    "peakCurrent": 3.679147,
    "ratio": 2,
    "stator": 40,
    "success": true,
    "supply": 20,
    "time": 0.6765,
  },
  {
    "energy": 11.19228,
    "peakCurrent": 3.679147,
    "ratio": 2,
    "stator": 40,
    "success": true,
    "supply": 60,
    "time": 0.6765,
  },
  {
    "energy": 10.3373,
    "peakCurrent": 3.297064,
    "ratio": 5,
    "stator": 10,
    "success": true,
    "supply": 10,
    "time": 0.6765,
  },
  {
    "energy": 10.3373,
    "peakCurrent": 3.297064,
    "ratio": 5,
    "stator": 10,
    "success": true,
    "supply": 20,
    "time": 0.6765,
  },
  {
    "energy": 10.3373,
    "peakCurrent": 3.297064,
    "ratio": 5,
    "stator": 10,
    "success": true,
    "supply": 60,
    "time": 0.6765,
  },
  {
    "energy": 10.3373,
    "peakCurrent": 3.297064,
    "ratio": 5,
    "stator": 20,
    "success": true,
    "supply": 10,
    "time": 0.6765,
  },
  {
    "energy": 10.3373,
    "peakCurrent": 3.297064,
    "ratio": 5,
    "stator": 20,
    "success": true,
    "supply": 20,
    "time": 0.6765,
  },
  {
    "energy": 10.3373,
    "peakCurrent": 3.297064,
    "ratio": 5,
    "stator": 20,
    "success": true,
    "supply": 60,
    "time": 0.6765,
  },
  {
    "energy": 10.3373,
    "peakCurrent": 3.297064,
    "ratio": 5,
    "stator": 40,
    "success": true,
    "supply": 10,
    "time": 0.6765,
  },
  {
    "energy": 10.3373,
    "peakCurrent": 3.297064,
    "ratio": 5,
    "stator": 40,
    "success": true,
    "supply": 20,
    "time": 0.6765,
  },
  {
    "energy": 10.3373,
    "peakCurrent": 3.297064,
    "ratio": 5,
    "stator": 40,
    "success": true,
    "supply": 60,
    "time": 0.6765,
  },
  {
    "energy": 9.835759,
    "peakCurrent": 1.591095,
    "ratio": 10,
    "stator": 10,
    "success": true,
    "supply": 10,
    "time": 0.6765,
  },
  {
    "energy": 9.835759,
    "peakCurrent": 1.591095,
    "ratio": 10,
    "stator": 10,
    "success": true,
    "supply": 20,
    "time": 0.6765,
  },
  {
    "energy": 9.835759,
    "peakCurrent": 1.591095,
    "ratio": 10,
    "stator": 10,
    "success": true,
    "supply": 60,
    "time": 0.6765,
  },
  {
    "energy": 9.835759,
    "peakCurrent": 1.591095,
    "ratio": 10,
    "stator": 20,
    "success": true,
    "supply": 10,
    "time": 0.6765,
  },
  {
    "energy": 9.835759,
    "peakCurrent": 1.591095,
    "ratio": 10,
    "stator": 20,
    "success": true,
    "supply": 20,
    "time": 0.6765,
  },
  {
    "energy": 9.835759,
    "peakCurrent": 1.591095,
    "ratio": 10,
    "stator": 20,
    "success": true,
    "supply": 60,
    "time": 0.6765,
  },
  {
    "energy": 9.835759,
    "peakCurrent": 1.591095,
    "ratio": 10,
    "stator": 40,
    "success": true,
    "supply": 10,
    "time": 0.6765,
  },
  {
    "energy": 9.835759,
    "peakCurrent": 1.591095,
    "ratio": 10,
    "stator": 40,
    "success": true,
    "supply": 20,
    "time": 0.6765,
  },
  {
    "energy": 9.835759,
    "peakCurrent": 1.591095,
    "ratio": 10,
    "stator": 40,
    "success": true,
    "supply": 60,
    "time": 0.6765,
  },
]
`;

exports[`linear simulation optimizer fuzz cases > returns a complete and reducible result for a generated configuration grid 1`] = `
{
  "cells": [
    {
      "ratio": 2.081383,
      "stator": 10,
      "success": true,
      "supply": 10,
      "time": 0.6765,
    },
    {
      "ratio": 2.081383,
      "stator": 10,
      "success": true,
      "supply": 20,
      "time": 0.6765,
    },
    {
      "ratio": 1.026947,
      "stator": 20,
      "success": true,
      "supply": 10,
      "time": 0.6765,
    },
    {
      "ratio": 1.026947,
      "stator": 20,
      "success": true,
      "supply": 20,
      "time": 0.6765,
    },
  ],
  "recommended": {
    "ratio": 2.081383,
    "stator": 10,
    "supply": 10,
    "time": 0.6765,
  },
}
`;
