// Vitest Snapshot v1, https://vitest.dev/guide/snapshot.html

exports[`linear configuration orchestration fuzz cases > enumerates every generated grid and preserves row-major order 1`] = `
[
  {
    "cells": [],
    "maxStator": 0,
    "maxSupply": 0,
    "recommended": null,
  },
  {
    "cells": [],
    "maxStator": 0,
    "maxSupply": 5,
    "recommended": null,
  },
  {
    "cells": [],
    "maxStator": 0,
    "maxSupply": 20,
    "recommended": null,
  },
  {
    "cells": [],
    "maxStator": 0,
    "maxSupply": 25,
    "recommended": null,
  },
  {
    "cells": [],
    "maxStator": 5,
    "maxSupply": 0,
    "recommended": null,
  },
  {
    "cells": [
      {
        "ratio": "<NaN>",
        "stator": 5,
        "success": false,
        "supply": 5,
        "time": "<Infinity>",
      },
    ],
    "maxStator": 5,
    "maxSupply": 5,
    "recommended": null,
  },
  {
    "cells": [
      {
        "ratio": "<NaN>",
        "stator": 5,
        "success": false,
        "supply": 10,
        "time": "<Infinity>",
      },
      {
        "ratio": "<NaN>",
        "stator": 5,
        "success": false,
        "supply": 20,
        "time": "<Infinity>",
      },
    ],
    "maxStator": 5,
    "maxSupply": 20,
    "recommended": null,
  },
  {
    "cells": [
      {
        "ratio": "<NaN>",
        "stator": 5,
        "success": false,
        "supply": 10,
        "time": "<Infinity>",
      },
      {
        "ratio": "<NaN>",
        "stator": 5,
        "success": false,
        "supply": 20,
        "time": "<Infinity>",
      },
      {
        "ratio": "<NaN>",
        "stator": 5,
        "success": false,
        "supply": 25,
        "time": "<Infinity>",
      },
    ],
    "maxStator": 5,
    "maxSupply": 25,
    "recommended": null,
  },
  {
    "cells": [],
    "maxStator": 20,
    "maxSupply": 0,
    "recommended": null,
  },
  {
    "cells": [
      {
        "ratio": "<NaN>",
        "stator": 10,
        "success": false,
        "supply": 5,
        "time": "<Infinity>",
      },
      {
        "ratio": "<NaN>",
        "stator": 20,
        "success": false,
        "supply": 5,
        "time": "<Infinity>",
      },
    ],
    "maxStator": 20,
    "maxSupply": 5,
    "recommended": null,
  },
  {
    "cells": [
      {
        "ratio": "<NaN>",
        "stator": 10,
        "success": false,
        "supply": 10,
        "time": "<Infinity>",
      },
      {
        "ratio": "<NaN>",
        "stator": 10,
        "success": false,
        "supply": 20,
        "time": "<Infinity>",
      },
      {
        "ratio": "<NaN>",
        "stator": 20,
        "success": false,
        "supply": 10,
        "time": "<Infinity>",
      },
      {
        "ratio": 3,
        "stator": 20,
        "success": true,
        "supply": 20,
        "time": 0.25,
      },
    ],
    "maxStator": 20,
    "maxSupply": 20,
    "recommended": [
      20,
      20,
    ],
  },
  {
    "cells": [
      {
        "ratio": "<NaN>",
        "stator": 10,
        "success": false,
        "supply": 10,
        "time": "<Infinity>",
      },
      {
        "ratio": "<NaN>",
        "stator": 10,
        "success": false,
        "supply": 20,
        "time": "<Infinity>",
      },
      {
        "ratio": "<NaN>",
        "stator": 10,
        "success": false,
        "supply": 25,
        "time": "<Infinity>",
      },
      {
        "ratio": "<NaN>",
        "stator": 20,
        "success": false,
        "supply": 10,
        "time": "<Infinity>",
      },
      {
        "ratio": 3,
        "stator": 20,
        "success": true,
        "supply": 20,
        "time": 0.25,
      },
      {
        "ratio": 2.8,
        "stator": 20,
        "success": true,
        "supply": 25,
        "time": 0.2222222,
      },
    ],
    "maxStator": 20,
    "maxSupply": 25,
    "recommended": [
      20,
      25,
    ],
  },
  {
    "cells": [],
    "maxStator": 25,
    "maxSupply": 0,
    "recommended": null,
  },
  {
    "cells": [
      {
        "ratio": "<NaN>",
        "stator": 10,
        "success": false,
        "supply": 5,
        "time": "<Infinity>",
      },
      {
        "ratio": "<NaN>",
        "stator": 20,
        "success": false,
        "supply": 5,
        "time": "<Infinity>",
      },
      {
        "ratio": "<NaN>",
        "stator": 25,
        "success": false,
        "supply": 5,
        "time": "<Infinity>",
      },
    ],
    "maxStator": 25,
    "maxSupply": 5,
    "recommended": null,
  },
  {
    "cells": [
      {
        "ratio": "<NaN>",
        "stator": 10,
        "success": false,
        "supply": 10,
        "time": "<Infinity>",
      },
      {
        "ratio": "<NaN>",
        "stator": 10,
        "success": false,
        "supply": 20,
        "time": "<Infinity>",
      },
      {
        "ratio": "<NaN>",
        "stator": 20,
        "success": false,
        "supply": 10,
        "time": "<Infinity>",
      },
      {
        "ratio": 3,
        "stator": 20,
        "success": true,
        "supply": 20,
        "time": 0.25,
      },
      {
        "ratio": "<NaN>",
        "stator": 25,
        "success": false,
        "supply": 10,
        "time": "<Infinity>",
      },
      {
        "ratio": 3.25,
        "stator": 25,
        "success": true,
        "supply": 20,
        "time": 0.2222222,
      },
    ],
    "maxStator": 25,
    "maxSupply": 20,
    "recommended": [
      25,
      20,
    ],
  },
  {
    "cells": [
      {
        "ratio": "<NaN>",
        "stator": 10,
        "success": false,
        "supply": 10,
        "time": "<Infinity>",
      },
      {
        "ratio": "<NaN>",
        "stator": 10,
        "success": false,
        "supply": 20,
        "time": "<Infinity>",
      },
      {
        "ratio": "<NaN>",
        "stator": 10,
        "success": false,
        "supply": 25,
        "time": "<Infinity>",
      },
      {
        "ratio": "<NaN>",
        "stator": 20,
        "success": false,
        "supply": 10,
        "time": "<Infinity>",
      },
      {
        "ratio": 3,
        "stator": 20,
        "success": true,
        "supply": 20,
        "time": 0.25,
      },
      {
        "ratio": 2.8,
        "stator": 20,
        "success": true,
        "supply": 25,
        "time": 0.2222222,
      },
      {
        "ratio": "<NaN>",
        "stator": 25,
        "success": false,
        "supply": 10,
        "time": "<Infinity>",
      },
      {
        "ratio": 3.25,
        "stator": 25,
        "success": true,
        "supply": 20,
        "time": 0.2222222,
      },
      {
        "ratio": 3,
        "stator": 25,
        "success": true,
        "supply": 25,
        "time": 0.2,
      },
    ],
    "maxStator": 25,
    "maxSupply": 25,
    "recommended": [
      25,
      20,
    ],
  },
]
`;
