// Vitest Snapshot v1, https://vitest.dev/guide/snapshot.html

exports[`linear simulation optimizer fuzz cases > keeps configuration-cell results valid across grid-limit combinations 1`] = `
[
  {
    "cascade": false,
    "energy": 10.38431,
    "optimalRatio": 4.948053,
    "peakCurrent": 6.575657,
    "stator": 10,
    "success": true,
    "supply": 10,
    "time": 0.399,
  },
  {
    "cascade": true,
    "energy": 10.34919,
    "optimalRatio": 9.154839,
    "peakCurrent": 5.679646,
    "stator": 10,
    "success": true,
    "supply": 10,
    "time": 0.346,
  },
  {
    "cascade": false,
    "energy": 10.38431,
    "optimalRatio": 4.948053,
    "peakCurrent": 6.575657,
    "stator": 10,
    "success": true,
    "supply": 20,
    "time": 0.399,
  },
  {
    "cascade": true,
    "energy": 10.34919,
    "optimalRatio": 9.154839,
    "peakCurrent": 5.679646,
    "stator": 10,
    "success": true,
    "supply": 20,
    "time": 0.346,
  },
  {
    "cascade": false,
    "energy": 10.38431,
    "optimalRatio": 4.948053,
    "peakCurrent": 6.575657,
    "stator": 10,
    "success": true,
    "supply": 60,
    "time": 0.399,
  },
  {
    "cascade": true,
    "energy": 10.34919,
    "optimalRatio": 9.154839,
    "peakCurrent": 5.679646,
    "stator": 10,
    "success": true,
    "supply": 60,
    "time": 0.346,
  },
  {
    "cascade": false,
    "energy": 10.76247,
    "optimalRatio": 3.59648,
    "peakCurrent": 8.49867,
    "stator": 20,
    "success": true,
    "supply": 10,
    "time": 0.2985,
  },
  {
    "cascade": true,
    "energy": 10.50887,
    "optimalRatio": 8.26256,
    "peakCurrent": 6.462029,
    "stator": 20,
    "success": true,
    "supply": 10,
    "time": 0.2955,
  },
  {
    "cascade": false,
    "energy": 10.80164,
    "optimalRatio": 3.59648,
    "peakCurrent": 14.19833,
    "stator": 20,
    "success": true,
    "supply": 20,
    "time": 0.2985,
  },
  {
    "cascade": true,
    "energy": 10.65149,
    "optimalRatio": 6.285673,
    "peakCurrent": 13.43712,
    "stator": 20,
    "success": true,
    "supply": 20,
    "time": 0.2495,
  },
  {
    "cascade": false,
    "energy": 10.80164,
    "optimalRatio": 3.59648,
    "peakCurrent": 14.19833,
    "stator": 20,
    "success": true,
    "supply": 60,
    "time": 0.2985,
  },
  {
    "cascade": true,
    "energy": 10.65149,
    "optimalRatio": 6.285673,
    "peakCurrent": 13.43712,
    "stator": 20,
    "success": true,
    "supply": 60,
    "time": 0.2495,
  },
  {
    "cascade": false,
    "energy": 10.57393,
    "optimalRatio": 4.568727,
    "peakCurrent": 7.419025,
    "stator": 40,
    "success": true,
    "supply": 10,
    "time": 0.3495,
  },
  {
    "cascade": true,
    "energy": 10.54166,
    "optimalRatio": 7.894431,
    "peakCurrent": 6.7552,
    "stator": 40,
    "success": true,
    "supply": 10,
    "time": 0.296,
  },
  {
    "cascade": false,
    "energy": 11.52017,
    "optimalRatio": 3.245948,
    "peakCurrent": 16.79837,
    "stator": 40,
    "success": true,
    "supply": 20,
    "time": 0.2485,
  },
  {
    "cascade": true,
    "energy": 11.26319,
    "optimalRatio": 5.178788,
    "peakCurrent": 16.30276,
    "stator": 40,
    "success": true,
    "supply": 20,
    "time": 0.199,
  },
  {
    "cascade": false,
    "energy": 11.62845,
    "optimalRatio": 3.245948,
    "peakCurrent": 26.68845,
    "stator": 40,
    "success": true,
    "supply": 60,
    "time": 0.2485,
  },
  {
    "cascade": true,
    "energy": 11.36782,
    "optimalRatio": 5.178788,
    "peakCurrent": 27.02849,
    "stator": 40,
    "success": true,
    "supply": 60,
    "time": 0.199,
  },
]
`;

exports[`linear simulation optimizer fuzz cases > keeps ratio optimization results inside the search domain 1`] = `
[
  {
    "efficiency": 0.5,
    "energy": 17.69264,
    "initialRatio": 0.5,
    "optimalRatio": 11.89776,
    "peakCurrent": 2.828565,
    "stator": 10,
    "time": 0.6765,
  },
  {
    "efficiency": 0.75,
    "energy": 11.68422,
    "initialRatio": 0.5,
    "optimalRatio": 11.89776,
    "peakCurrent": 1.772785,
    "stator": 10,
    "time": 0.6765,
  },
  {
    "efficiency": 0.9,
    "energy": 9.697534,
    "initialRatio": 0.5,
    "optimalRatio": 11.89776,
    "peakCurrent": 1.437573,
    "stator": 10,
    "time": 0.6765,
  },
  {
    "efficiency": 1,
    "energy": 8.708652,
    "initialRatio": 0.5,
    "optimalRatio": 11.89776,
    "peakCurrent": 1.27487,
    "stator": 10,
    "time": 0.6765,
  },
  {
    "efficiency": 0.5,
    "energy": 17.69264,
    "initialRatio": 1,
    "optimalRatio": 11.89776,
    "peakCurrent": 2.828565,
    "stator": 10,
    "time": 0.6765,
  },
  {
    "efficiency": 0.75,
    "energy": 11.68422,
    "initialRatio": 1,
    "optimalRatio": 11.89776,
    "peakCurrent": 1.772785,
    "stator": 10,
    "time": 0.6765,
  },
  {
    "efficiency": 0.9,
    "energy": 9.697534,
    "initialRatio": 1,
    "optimalRatio": 11.89776,
    "peakCurrent": 1.437573,
    "stator": 10,
    "time": 0.6765,
  },
  {
    "efficiency": 1,
    "energy": 8.708652,
    "initialRatio": 1,
    "optimalRatio": 11.89776,
    "peakCurrent": 1.27487,
    "stator": 10,
    "time": 0.6765,
  },
  {
    "efficiency": 0.5,
    "energy": 17.69264,
    "initialRatio": 5,
    "optimalRatio": 11.89776,
    "peakCurrent": 2.828565,
    "stator": 10,
    "time": 0.6765,
  },
  {
    "efficiency": 0.75,
    "energy": 11.68422,
    "initialRatio": 5,
    "optimalRatio": 11.89776,
    "peakCurrent": 1.772785,
    "stator": 10,
    "time": 0.6765,
  },
  {
    "efficiency": 0.9,
    "energy": 9.697534,
    "initialRatio": 5,
    "optimalRatio": 11.89776,
    "peakCurrent": 1.437573,
    "stator": 10,
    "time": 0.6765,
  },
  {
    "efficiency": 1,
    "energy": 8.708652,
    "initialRatio": 5,
    "optimalRatio": 11.89776,
    "peakCurrent": 1.27487,
    "stator": 10,
    "time": 0.6765,
  },
  {
    "efficiency": 0.5,
    "energy": 17.69264,
    "initialRatio": 20,
    "optimalRatio": 11.89776,
    "peakCurrent": 2.828565,
    "stator": 10,
    "time": 0.6765,
  },
  {
    "efficiency": 0.75,
    "energy": 11.68422,
    "initialRatio": 20,
    "optimalRatio": 11.89776,
    "peakCurrent": 1.772785,
    "stator": 10,
    "time": 0.6765,
  },
  {
    "efficiency": 0.9,
    "energy": 9.697534,
    "initialRatio": 20,
    "optimalRatio": 11.89776,
    "peakCurrent": 1.437573,
    "stator": 10,
    "time": 0.6765,
  },
  {
    "efficiency": 1,
    "energy": 8.708652,
    "initialRatio": 20,
    "optimalRatio": 11.89776,
    "peakCurrent": 1.27487,
    "stator": 10,
    "time": 0.6765,
  },
  {
    "efficiency": 0.5,
    "energy": 17.69264,
    "initialRatio": 0.5,
    "optimalRatio": 11.89776,
    "peakCurrent": 2.828565,
    "stator": 30,
    "time": 0.6765,
  },
  {
    "efficiency": 0.75,
    "energy": 11.68422,
    "initialRatio": 0.5,
    "optimalRatio": 11.89776,
    "peakCurrent": 1.772785,
    "stator": 30,
    "time": 0.6765,
  },
  {
    "efficiency": 0.9,
    "energy": 9.697534,
    "initialRatio": 0.5,
    "optimalRatio": 11.89776,
    "peakCurrent": 1.437573,
    "stator": 30,
    "time": 0.6765,
  },
  {
    "efficiency": 1,
    "energy": 8.708652,
    "initialRatio": 0.5,
    "optimalRatio": 11.89776,
    "peakCurrent": 1.27487,
    "stator": 30,
    "time": 0.6765,
  },
  {
    "efficiency": 0.5,
    "energy": 17.69264,
    "initialRatio": 1,
    "optimalRatio": 11.89776,
    "peakCurrent": 2.828565,
    "stator": 30,
    "time": 0.6765,
  },
  {
    "efficiency": 0.75,
    "energy": 11.68422,
    "initialRatio": 1,
    "optimalRatio": 11.89776,
    "peakCurrent": 1.772785,
    "stator": 30,
    "time": 0.6765,
  },
  {
    "efficiency": 0.9,
    "energy": 9.697534,
    "initialRatio": 1,
    "optimalRatio": 11.89776,
    "peakCurrent": 1.437573,
    "stator": 30,
    "time": 0.6765,
  },
  {
    "efficiency": 1,
    "energy": 8.708652,
    "initialRatio": 1,
    "optimalRatio": 11.89776,
    "peakCurrent": 1.27487,
    "stator": 30,
    "time": 0.6765,
  },
  {
    "efficiency": 0.5,
    "energy": 17.69264,
    "initialRatio": 5,
    "optimalRatio": 11.89776,
    "peakCurrent": 2.828565,
    "stator": 30,
    "time": 0.6765,
  },
  {
    "efficiency": 0.75,
    "energy": 11.68422,
    "initialRatio": 5,
    "optimalRatio": 11.89776,
    "peakCurrent": 1.772785,
    "stator": 30,
    "time": 0.6765,
  },
  {
    "efficiency": 0.9,
    "energy": 9.697534,
    "initialRatio": 5,
    "optimalRatio": 11.89776,
    "peakCurrent": 1.437573,
    "stator": 30,
    "time": 0.6765,
  },
  {
    "efficiency": 1,
    "energy": 8.708652,
    "initialRatio": 5,
    "optimalRatio": 11.89776,
    "peakCurrent": 1.27487,
    "stator": 30,
    "time": 0.6765,
  },
  {
    "efficiency": 0.5,
    "energy": 17.69264,
    "initialRatio": 20,
    "optimalRatio": 11.89776,
    "peakCurrent": 2.828565,
    "stator": 30,
    "time": 0.6765,
  },
  {
    "efficiency": 0.75,
    "energy": 11.68422,
    "initialRatio": 20,
    "optimalRatio": 11.89776,
    "peakCurrent": 1.772785,
    "stator": 30,
    "time": 0.6765,
  },
  {
    "efficiency": 0.9,
    "energy": 9.697534,
    "initialRatio": 20,
    "optimalRatio": 11.89776,
    "peakCurrent": 1.437573,
    "stator": 30,
    "time": 0.6765,
  },
  {
    "efficiency": 1,
    "energy": 8.708652,
    "initialRatio": 20,
    "optimalRatio": 11.89776,
    "peakCurrent": 1.27487,
    "stator": 30,
    "time": 0.6765,
  },
  {
    "efficiency": 0.5,
    "energy": 17.69264,
    "initialRatio": 0.5,
    "optimalRatio": 11.89776,
    "peakCurrent": 2.828565,
    "stator": 60,
    "time": 0.6765,
  },
  {
    "efficiency": 0.75,
    "energy": 11.68422,
    "initialRatio": 0.5,
    "optimalRatio": 11.89776,
    "peakCurrent": 1.772785,
    "stator": 60,
    "time": 0.6765,
  },
  {
    "efficiency": 0.9,
    "energy": 9.697534,
    "initialRatio": 0.5,
    "optimalRatio": 11.89776,
    "peakCurrent": 1.437573,
    "stator": 60,
    "time": 0.6765,
  },
  {
    "efficiency": 1,
    "energy": 8.708652,
    "initialRatio": 0.5,
    "optimalRatio": 11.89776,
    "peakCurrent": 1.27487,
    "stator": 60,
    "time": 0.6765,
  },
  {
    "efficiency": 0.5,
    "energy": 17.69264,
    "initialRatio": 1,
    "optimalRatio": 11.89776,
    "peakCurrent": 2.828565,
    "stator": 60,
    "time": 0.6765,
  },
  {
    "efficiency": 0.75,
    "energy": 11.68422,
    "initialRatio": 1,
    "optimalRatio": 11.89776,
    "peakCurrent": 1.772785,
    "stator": 60,
    "time": 0.6765,
  },
  {
    "efficiency": 0.9,
    "energy": 9.697534,
    "initialRatio": 1,
    "optimalRatio": 11.89776,
    "peakCurrent": 1.437573,
    "stator": 60,
    "time": 0.6765,
  },
  {
    "efficiency": 1,
    "energy": 8.708652,
    "initialRatio": 1,
    "optimalRatio": 11.89776,
    "peakCurrent": 1.27487,
    "stator": 60,
    "time": 0.6765,
  },
  {
    "efficiency": 0.5,
    "energy": 17.69264,
    "initialRatio": 5,
    "optimalRatio": 11.89776,
    "peakCurrent": 2.828565,
    "stator": 60,
    "time": 0.6765,
  },
  {
    "efficiency": 0.75,
    "energy": 11.68422,
    "initialRatio": 5,
    "optimalRatio": 11.89776,
    "peakCurrent": 1.772785,
    "stator": 60,
    "time": 0.6765,
  },
  {
    "efficiency": 0.9,
    "energy": 9.697534,
    "initialRatio": 5,
    "optimalRatio": 11.89776,
    "peakCurrent": 1.437573,
    "stator": 60,
    "time": 0.6765,
  },
  {
    "efficiency": 1,
    "energy": 8.708652,
    "initialRatio": 5,
    "optimalRatio": 11.89776,
    "peakCurrent": 1.27487,
    "stator": 60,
    "time": 0.6765,
  },
  {
    "efficiency": 0.5,
    "energy": 17.69264,
    "initialRatio": 20,
    "optimalRatio": 11.89776,
    "peakCurrent": 2.828565,
    "stator": 60,
    "time": 0.6765,
  },
  {
    "efficiency": 0.75,
    "energy": 11.68422,
    "initialRatio": 20,
    "optimalRatio": 11.89776,
    "peakCurrent": 1.772785,
    "stator": 60,
    "time": 0.6765,
  },
  {
    "efficiency": 0.9,
    "energy": 9.697534,
    "initialRatio": 20,
    "optimalRatio": 11.89776,
    "peakCurrent": 1.437573,
    "stator": 60,
    "time": 0.6765,
  },
  {
    "efficiency": 1,
    "energy": 8.708652,
    "initialRatio": 20,
    "optimalRatio": 11.89776,
    "peakCurrent": 1.27487,
    "stator": 60,
    "time": 0.6765,
  },
]
`;

exports[`linear simulation optimizer fuzz cases > keeps single simulations coherent across ratios and current limits 1`] = `
[
  {
    "energy": 1.705111,
    "peakCurrent": 0.2100592,
    "ratio": 0.25,
    "stator": 10,
    "success": false,
    "supply": 10,
    "time": 0.6765,
  },
  {
    "energy": 1.705111,
    "peakCurrent": 0.2100592,
    "ratio": 0.25,
    "stator": 10,
    "success": false,
    "supply": 20,
    "time": 0.6765,
  },
  {
    "energy": 1.705111,
    "peakCurrent": 0.2100592,
    "ratio": 0.25,
    "stator": 10,
    "success": false,
    "supply": 60,
    "time": 0.6765,
  },
  {
    "energy": 6.820445,
    "peakCurrent": 0.8404571,
    "ratio": 0.25,
    "stator": 20,
    "success": false,
    "supply": 10,
    "time": 0.6765,
  },
  {
    "energy": 6.820445,
    "peakCurrent": 0.8404571,
    "ratio": 0.25,
    "stator": 20,
    "success": false,
    "supply": 20,
    "time": 0.6765,
  },
  {
    "energy": 6.820445,
    "peakCurrent": 0.8404571,
    "ratio": 0.25,
    "stator": 20,
    "success": false,
    "supply": 60,
    "time": 0.6765,
  },
  {
    "energy": 27.28178,
    "peakCurrent": 3.365366,
    "ratio": 0.25,
    "stator": 40,
    "success": false,
    "supply": 10,
    "time": 0.6765,
  },
  {
    "energy": 27.28178,
    "peakCurrent": 3.365366,
    "ratio": 0.25,
    "stator": 40,
    "success": false,
    "supply": 20,
    "time": 0.6765,
  },
  {
    "energy": 27.28178,
    "peakCurrent": 3.365366,
    "ratio": 0.25,
    "stator": 40,
    "success": false,
    "supply": 60,
    "time": 0.6765,
  },
  {
    "energy": 1.705111,
    "peakCurrent": 0.2100592,
    "ratio": 0.5,
    "stator": 10,
    "success": false,
    "supply": 10,
    "time": 0.6765,
  },
  {
    "energy": 1.705111,
    "peakCurrent": 0.2100592,
    "ratio": 0.5,
    "stator": 10,
    "success": false,
    "supply": 20,
    "time": 0.6765,
  },
  {
    "energy": 1.705111,
    "peakCurrent": 0.2100592,
    "ratio": 0.5,
    "stator": 10,
    "success": false,
    "supply": 60,
    "time": 0.6765,
  },
  {
    "energy": 6.820445,
    "peakCurrent": 0.8404571,
    "ratio": 0.5,
    "stator": 20,
    "success": false,
    "supply": 10,
    "time": 0.6765,
  },
  {
    "energy": 6.820445,
    "peakCurrent": 0.8404571,
    "ratio": 0.5,
    "stator": 20,
    "success": false,
    "supply": 20,
    "time": 0.6765,
  },
  {
    "energy": 6.820445,
    "peakCurrent": 0.8404571,
    "ratio": 0.5,
    "stator": 20,
    "success": false,
    "supply": 60,
    "time": 0.6765,
  },
  {
    "energy": 26.49888,
    "peakCurrent": 6.684201,
    "ratio": 0.5,
    "stator": 40,
    "success": true,
    "supply": 10,
    "time": 0.6765,
  },
  {
    "energy": 26.49888,
    "peakCurrent": 6.684201,
    "ratio": 0.5,
    "stator": 40,
    "success": true,
    "supply": 20,
    "time": 0.6765,
  },
  {
    "energy": 26.49888,
    "peakCurrent": 6.684201,
    "ratio": 0.5,
    "stator": 40,
    "success": true,
    "supply": 60,
    "time": 0.6765,
  },
  {
    "energy": 1.705111,
    "peakCurrent": 0.2100592,
    "ratio": 1,
    "stator": 10,
    "success": false,
    "supply": 10,
    "time": 0.6765,
  },
  {
    "energy": 1.705111,
    "peakCurrent": 0.2100592,
    "ratio": 1,
    "stator": 10,
    "success": false,
    "supply": 20,
    "time": 0.6765,
  },
  {
    "energy": 1.705111,
    "peakCurrent": 0.2100592,
    "ratio": 1,
    "stator": 10,
    "success": false,
    "supply": 60,
    "time": 0.6765,
  },
  {
    "energy": 14.28214,
    "peakCurrent": 4.260206,
    "ratio": 1,
    "stator": 20,
    "success": true,
    "supply": 10,
    "time": 0.6765,
  },
  {
    "energy": 14.28214,
    "peakCurrent": 4.260206,
    "ratio": 1,
    "stator": 20,
    "success": true,
    "supply": 20,
    "time": 0.6765,
  },
  {
    "energy": 14.28214,
    "peakCurrent": 4.260206,
    "ratio": 1,
    "stator": 20,
    "success": true,
    "supply": 60,
    "time": 0.6765,
  },
  {
    "energy": 14.26829,
    "peakCurrent": 4.35671,
    "ratio": 1,
    "stator": 40,
    "success": true,
    "supply": 10,
    "time": 0.6765,
  },
  {
    "energy": 14.26829,
    "peakCurrent": 4.35671,
    "ratio": 1,
    "stator": 40,
    "success": true,
    "supply": 20,
    "time": 0.6765,
  },
  {
    "energy": 14.26829,
    "peakCurrent": 4.35671,
    "ratio": 1,
    "stator": 40,
    "success": true,
    "supply": 60,
    "time": 0.6765,
  },
  {
    "energy": 11.20995,
    "peakCurrent": 3.747021,
    "ratio": 2,
    "stator": 10,
    "success": true,
    "supply": 10,
    "time": 0.6765,
  },
  {
    "energy": 11.20995,
    "peakCurrent": 3.747021,
    "ratio": 2,
    "stator": 10,
    "success": true,
    "supply": 20,
    "time": 0.6765,
  },
  {
    "energy": 11.20995,
    "peakCurrent": 3.747021,
    "ratio": 2,
    "stator": 10,
    "success": true,
    "supply": 60,
    "time": 0.6765,
  },
  {
    "energy": 11.19228,
    "peakCurrent": 3.679147,
    "ratio": 2,
    "stator": 20,
    "success": true,
    "supply": 10,
    "time": 0.6765,
  },
  {
    "energy": 11.19228,
    "peakCurrent": 3.679147,
    "ratio": 2,
    "stator": 20,
    "success": true,
    "supply": 20,
    "time": 0.6765,
  },
  {
    "energy": 11.19228,
    "peakCurrent": 3.679147,
    "ratio": 2,
    "stator": 20,
    "success": true,
    "supply": 60,
    "time": 0.6765,
  },
  {
    "energy": 11.19228,
    "peakCurrent": 3.679147,
    "ratio": 2,
    "stator": 40,
    "success": true,
    "supply": 10,
    "time": 0.6765,
  },
  {
    "energy": 11.19228,
    "peakCurrent": 3.679147,
    "ratio": 2,
    "stator": 40,
    "success": true,
    "supply": 20,
    "time": 0.6765,
  },
  {
    "energy": 11.19228,
    "peakCurrent": 3.679147,
    "ratio": 2,
    "stator": 40,
    "success": true,
    "supply": 60,
    "time": 0.6765,
  },
  {
    "energy": 10.3373,
    "peakCurrent": 3.297064,
    "ratio": 5,
    "stator": 10,
    "success": true,
    "supply": 10,
    "time": 0.6765,
  },
  {
    "energy": 10.3373,
    "peakCurrent": 3.297064,
    "ratio": 5,
    "stator": 10,
    "success": true,
    "supply": 20,
    "time": 0.6765,
  },
  {
    "energy": 10.3373,
    "peakCurrent": 3.297064,
    "ratio": 5,
    "stator": 10,
    "success": true,
    "supply": 60,
    "time": 0.6765,
  },
  {
    "energy": 10.3373,
    "peakCurrent": 3.297064,
    "ratio": 5,
    "stator": 20,
    "success": true,
    "supply": 10,
    "time": 0.6765,
  },
  {
    "energy": 10.3373,
    "peakCurrent": 3.297064,
    "ratio": 5,
    "stator": 20,
    "success": true,
    "supply": 20,
    "time": 0.6765,
  },
  {
    "energy": 10.3373,
    "peakCurrent": 3.297064,
    "ratio": 5,
    "stator": 20,
    "success": true,
    "supply": 60,
    "time": 0.6765,
  },
  {
    "energy": 10.3373,
    "peakCurrent": 3.297064,
    "ratio": 5,
    "stator": 40,
    "success": true,
    "supply": 10,
    "time": 0.6765,
  },
  {
    "energy": 10.3373,
    "peakCurrent": 3.297064,
    "ratio": 5,
    "stator": 40,
    "success": true,
    "supply": 20,
    "time": 0.6765,
  },
  {
    "energy": 10.3373,
    "peakCurrent": 3.297064,
    "ratio": 5,
    "stator": 40,
    "success": true,
    "supply": 60,
    "time": 0.6765,
  },
  {
    "energy": 9.835759,
    "peakCurrent": 1.591095,
    "ratio": 10,
    "stator": 10,
    "success": true,
    "supply": 10,
    "time": 0.6765,
  },
  {
    "energy": 9.835759,
    "peakCurrent": 1.591095,
    "ratio": 10,
    "stator": 10,
    "success": true,
    "supply": 20,
    "time": 0.6765,
  },
  {
    "energy": 9.835759,
    "peakCurrent": 1.591095,
    "ratio": 10,
    "stator": 10,
    "success": true,
    "supply": 60,
    "time": 0.6765,
  },
  {
    "energy": 9.835759,
    "peakCurrent": 1.591095,
    "ratio": 10,
    "stator": 20,
    "success": true,
    "supply": 10,
    "time": 0.6765,
  },
  {
    "energy": 9.835759,
    "peakCurrent": 1.591095,
    "ratio": 10,
    "stator": 20,
    "success": true,
    "supply": 20,
    "time": 0.6765,
  },
  {
    "energy": 9.835759,
    "peakCurrent": 1.591095,
    "ratio": 10,
    "stator": 20,
    "success": true,
    "supply": 60,
    "time": 0.6765,
  },
  {
    "energy": 9.835759,
    "peakCurrent": 1.591095,
    "ratio": 10,
    "stator": 40,
    "success": true,
    "supply": 10,
    "time": 0.6765,
  },
  {
    "energy": 9.835759,
    "peakCurrent": 1.591095,
    "ratio": 10,
    "stator": 40,
    "success": true,
    "supply": 20,
    "time": 0.6765,
  },
  {
    "energy": 9.835759,
    "peakCurrent": 1.591095,
    "ratio": 10,
    "stator": 40,
    "success": true,
    "supply": 60,
    "time": 0.6765,
  },
]
`;

exports[`linear simulation optimizer fuzz cases > returns a complete and reducible result for a generated configuration grid 1`] = `
{
  "cells": [
    {
      "ratio": 4.568727,
      "stator": 10,
      "success": true,
      "supply": 10,
      "time": 0.6765,
    },
    {
      "ratio": 4.568727,
      "stator": 10,
      "success": true,
      "supply": 20,
      "time": 0.6765,
    },
    {
      "ratio": 4.568727,
      "stator": 20,
      "success": true,
      "supply": 10,
      "time": 0.6765,
    },
    {
      "ratio": 4.568727,
      "stator": 20,
      "success": true,
      "supply": 20,
      "time": 0.6765,
    },
  ],
  "recommended": {
    "ratio": 4.568727,
    "stator": 10,
    "supply": 10,
    "time": 0.6765,
  },
}
`;
