// Vitest Snapshot v1, https://vitest.dev/guide/snapshot.html

exports[`linear configuration orchestration fuzz cases > enumerates every generated grid and preserves row-major order 1`] = `
[
  {
    "cells": [
      {
        "ratio": "<NaN>",
        "stator": 5,
        "success": false,
        "supply": 5,
        "time": "<Infinity>",
      },
      {
        "ratio": "<NaN>",
        "stator": 5,
        "success": false,
        "supply": 15,
        "time": "<Infinity>",
      },
      {
        "ratio": "<NaN>",
        "stator": 5,
        "success": false,
        "supply": 25,
        "time": "<Infinity>",
      },
      {
        "ratio": "<NaN>",
        "stator": 15,
        "success": false,
        "supply": 5,
        "time": "<Infinity>",
      },
      {
        "ratio": "<NaN>",
        "stator": 15,
        "success": false,
        "supply": 15,
        "time": "<Infinity>",
      },
      {
        "ratio": "<NaN>",
        "stator": 15,
        "success": false,
        "supply": 25,
        "time": "<Infinity>",
      },
      {
        "ratio": "<NaN>",
        "stator": 25,
        "success": false,
        "supply": 5,
        "time": "<Infinity>",
      },
      {
        "ratio": "<NaN>",
        "stator": 25,
        "success": false,
        "supply": 15,
        "time": "<Infinity>",
      },
      {
        "ratio": 3,
        "stator": 25,
        "success": true,
        "supply": 25,
        "time": 0.2,
      },
    ],
    "recommended": [
      25,
      25,
    ],
    "statorInputAmps": 0,
    "supplyInputAmps": 0,
  },
  {
    "cells": [
      {
        "ratio": "<NaN>",
        "stator": 5,
        "success": false,
        "supply": 5,
        "time": "<Infinity>",
      },
      {
        "ratio": "<NaN>",
        "stator": 5,
        "success": false,
        "supply": 15,
        "time": "<Infinity>",
      },
      {
        "ratio": "<NaN>",
        "stator": 5,
        "success": false,
        "supply": 25,
        "time": "<Infinity>",
      },
      {
        "ratio": "<NaN>",
        "stator": 15,
        "success": false,
        "supply": 5,
        "time": "<Infinity>",
      },
      {
        "ratio": "<NaN>",
        "stator": 15,
        "success": false,
        "supply": 15,
        "time": "<Infinity>",
      },
      {
        "ratio": "<NaN>",
        "stator": 15,
        "success": false,
        "supply": 25,
        "time": "<Infinity>",
      },
      {
        "ratio": "<NaN>",
        "stator": 25,
        "success": false,
        "supply": 5,
        "time": "<Infinity>",
      },
      {
        "ratio": "<NaN>",
        "stator": 25,
        "success": false,
        "supply": 15,
        "time": "<Infinity>",
      },
      {
        "ratio": 3,
        "stator": 25,
        "success": true,
        "supply": 25,
        "time": 0.2,
      },
    ],
    "recommended": [
      25,
      25,
    ],
    "statorInputAmps": 0,
    "supplyInputAmps": 5,
  },
  {
    "cells": [
      {
        "ratio": "<NaN>",
        "stator": 5,
        "success": false,
        "supply": 10,
        "time": "<Infinity>",
      },
      {
        "ratio": "<NaN>",
        "stator": 5,
        "success": false,
        "supply": 20,
        "time": "<Infinity>",
      },
      {
        "ratio": "<NaN>",
        "stator": 5,
        "success": false,
        "supply": 30,
        "time": "<Infinity>",
      },
      {
        "ratio": "<NaN>",
        "stator": 15,
        "success": false,
        "supply": 10,
        "time": "<Infinity>",
      },
      {
        "ratio": "<NaN>",
        "stator": 15,
        "success": false,
        "supply": 20,
        "time": "<Infinity>",
      },
      {
        "ratio": "<NaN>",
        "stator": 15,
        "success": false,
        "supply": 30,
        "time": "<Infinity>",
      },
      {
        "ratio": "<NaN>",
        "stator": 25,
        "success": false,
        "supply": 10,
        "time": "<Infinity>",
      },
      {
        "ratio": 3.25,
        "stator": 25,
        "success": true,
        "supply": 20,
        "time": 0.2222222,
      },
      {
        "ratio": 2.833333,
        "stator": 25,
        "success": true,
        "supply": 30,
        "time": 0.1818182,
      },
    ],
    "recommended": [
      25,
      30,
    ],
    "statorInputAmps": 0,
    "supplyInputAmps": 20,
  },
  {
    "cells": [
      {
        "ratio": "<NaN>",
        "stator": 5,
        "success": false,
        "supply": 15,
        "time": "<Infinity>",
      },
      {
        "ratio": "<NaN>",
        "stator": 5,
        "success": false,
        "supply": 25,
        "time": "<Infinity>",
      },
      {
        "ratio": "<NaN>",
        "stator": 5,
        "success": false,
        "supply": 35,
        "time": "<Infinity>",
      },
      {
        "ratio": "<NaN>",
        "stator": 15,
        "success": false,
        "supply": 15,
        "time": "<Infinity>",
      },
      {
        "ratio": "<NaN>",
        "stator": 15,
        "success": false,
        "supply": 25,
        "time": "<Infinity>",
      },
      {
        "ratio": "<NaN>",
        "stator": 15,
        "success": false,
        "supply": 35,
        "time": "<Infinity>",
      },
      {
        "ratio": "<NaN>",
        "stator": 25,
        "success": false,
        "supply": 15,
        "time": "<Infinity>",
      },
      {
        "ratio": 3,
        "stator": 25,
        "success": true,
        "supply": 25,
        "time": 0.2,
      },
      {
        "ratio": 2.714286,
        "stator": 25,
        "success": true,
        "supply": 35,
        "time": 0.1666667,
      },
    ],
    "recommended": [
      25,
      35,
    ],
    "statorInputAmps": 0,
    "supplyInputAmps": 25,
  },
  {
    "cells": [
      {
        "ratio": "<NaN>",
        "stator": 5,
        "success": false,
        "supply": 5,
        "time": "<Infinity>",
      },
      {
        "ratio": "<NaN>",
        "stator": 5,
        "success": false,
        "supply": 15,
        "time": "<Infinity>",
      },
      {
        "ratio": "<NaN>",
        "stator": 5,
        "success": false,
        "supply": 25,
        "time": "<Infinity>",
      },
      {
        "ratio": "<NaN>",
        "stator": 15,
        "success": false,
        "supply": 5,
        "time": "<Infinity>",
      },
      {
        "ratio": "<NaN>",
        "stator": 15,
        "success": false,
        "supply": 15,
        "time": "<Infinity>",
      },
      {
        "ratio": "<NaN>",
        "stator": 15,
        "success": false,
        "supply": 25,
        "time": "<Infinity>",
      },
      {
        "ratio": "<NaN>",
        "stator": 25,
        "success": false,
        "supply": 5,
        "time": "<Infinity>",
      },
      {
        "ratio": "<NaN>",
        "stator": 25,
        "success": false,
        "supply": 15,
        "time": "<Infinity>",
      },
      {
        "ratio": 3,
        "stator": 25,
        "success": true,
        "supply": 25,
        "time": 0.2,
      },
    ],
    "recommended": [
      25,
      25,
    ],
    "statorInputAmps": 5,
    "supplyInputAmps": 0,
  },
  {
    "cells": [
      {
        "ratio": "<NaN>",
        "stator": 5,
        "success": false,
        "supply": 5,
        "time": "<Infinity>",
      },
      {
        "ratio": "<NaN>",
        "stator": 5,
        "success": false,
        "supply": 15,
        "time": "<Infinity>",
      },
      {
        "ratio": "<NaN>",
        "stator": 5,
        "success": false,
        "supply": 25,
        "time": "<Infinity>",
      },
      {
        "ratio": "<NaN>",
        "stator": 15,
        "success": false,
        "supply": 5,
        "time": "<Infinity>",
      },
      {
        "ratio": "<NaN>",
        "stator": 15,
        "success": false,
        "supply": 15,
        "time": "<Infinity>",
      },
      {
        "ratio": "<NaN>",
        "stator": 15,
        "success": false,
        "supply": 25,
        "time": "<Infinity>",
      },
      {
        "ratio": "<NaN>",
        "stator": 25,
        "success": false,
        "supply": 5,
        "time": "<Infinity>",
      },
      {
        "ratio": "<NaN>",
        "stator": 25,
        "success": false,
        "supply": 15,
        "time": "<Infinity>",
      },
      {
        "ratio": 3,
        "stator": 25,
        "success": true,
        "supply": 25,
        "time": 0.2,
      },
    ],
    "recommended": [
      25,
      25,
    ],
    "statorInputAmps": 5,
    "supplyInputAmps": 5,
  },
  {
    "cells": [
      {
        "ratio": "<NaN>",
        "stator": 5,
        "success": false,
        "supply": 10,
        "time": "<Infinity>",
      },
      {
        "ratio": "<NaN>",
        "stator": 5,
        "success": false,
        "supply": 20,
        "time": "<Infinity>",
      },
      {
        "ratio": "<NaN>",
        "stator": 5,
        "success": false,
        "supply": 30,
        "time": "<Infinity>",
      },
      {
        "ratio": "<NaN>",
        "stator": 15,
        "success": false,
        "supply": 10,
        "time": "<Infinity>",
      },
      {
        "ratio": "<NaN>",
        "stator": 15,
        "success": false,
        "supply": 20,
        "time": "<Infinity>",
      },
      {
        "ratio": "<NaN>",
        "stator": 15,
        "success": false,
        "supply": 30,
        "time": "<Infinity>",
      },
      {
        "ratio": "<NaN>",
        "stator": 25,
        "success": false,
        "supply": 10,
        "time": "<Infinity>",
      },
      {
        "ratio": 3.25,
        "stator": 25,
        "success": true,
        "supply": 20,
        "time": 0.2222222,
      },
      {
        "ratio": 2.833333,
        "stator": 25,
        "success": true,
        "supply": 30,
        "time": 0.1818182,
      },
    ],
    "recommended": [
      25,
      30,
    ],
    "statorInputAmps": 5,
    "supplyInputAmps": 20,
  },
  {
    "cells": [
      {
        "ratio": "<NaN>",
        "stator": 5,
        "success": false,
        "supply": 15,
        "time": "<Infinity>",
      },
      {
        "ratio": "<NaN>",
        "stator": 5,
        "success": false,
        "supply": 25,
        "time": "<Infinity>",
      },
      {
        "ratio": "<NaN>",
        "stator": 5,
        "success": false,
        "supply": 35,
        "time": "<Infinity>",
      },
      {
        "ratio": "<NaN>",
        "stator": 15,
        "success": false,
        "supply": 15,
        "time": "<Infinity>",
      },
      {
        "ratio": "<NaN>",
        "stator": 15,
        "success": false,
        "supply": 25,
        "time": "<Infinity>",
      },
      {
        "ratio": "<NaN>",
        "stator": 15,
        "success": false,
        "supply": 35,
        "time": "<Infinity>",
      },
      {
        "ratio": "<NaN>",
        "stator": 25,
        "success": false,
        "supply": 15,
        "time": "<Infinity>",
      },
      {
        "ratio": 3,
        "stator": 25,
        "success": true,
        "supply": 25,
        "time": 0.2,
      },
      {
        "ratio": 2.714286,
        "stator": 25,
        "success": true,
        "supply": 35,
        "time": 0.1666667,
      },
    ],
    "recommended": [
      25,
      35,
    ],
    "statorInputAmps": 5,
    "supplyInputAmps": 25,
  },
  {
    "cells": [
      {
        "ratio": "<NaN>",
        "stator": 10,
        "success": false,
        "supply": 5,
        "time": "<Infinity>",
      },
      {
        "ratio": "<NaN>",
        "stator": 10,
        "success": false,
        "supply": 15,
        "time": "<Infinity>",
      },
      {
        "ratio": "<NaN>",
        "stator": 10,
        "success": false,
        "supply": 25,
        "time": "<Infinity>",
      },
      {
        "ratio": "<NaN>",
        "stator": 20,
        "success": false,
        "supply": 5,
        "time": "<Infinity>",
      },
      {
        "ratio": "<NaN>",
        "stator": 20,
        "success": false,
        "supply": 15,
        "time": "<Infinity>",
      },
      {
        "ratio": 2.8,
        "stator": 20,
        "success": true,
        "supply": 25,
        "time": 0.2222222,
      },
      {
        "ratio": "<NaN>",
        "stator": 30,
        "success": false,
        "supply": 5,
        "time": "<Infinity>",
      },
      {
        "ratio": "<NaN>",
        "stator": 30,
        "success": false,
        "supply": 15,
        "time": "<Infinity>",
      },
      {
        "ratio": 3.2,
        "stator": 30,
        "success": true,
        "supply": 25,
        "time": 0.1818182,
      },
    ],
    "recommended": [
      30,
      25,
    ],
    "statorInputAmps": 20,
    "supplyInputAmps": 0,
  },
  {
    "cells": [
      {
        "ratio": "<NaN>",
        "stator": 10,
        "success": false,
        "supply": 5,
        "time": "<Infinity>",
      },
      {
        "ratio": "<NaN>",
        "stator": 10,
        "success": false,
        "supply": 15,
        "time": "<Infinity>",
      },
      {
        "ratio": "<NaN>",
        "stator": 10,
        "success": false,
        "supply": 25,
        "time": "<Infinity>",
      },
      {
        "ratio": "<NaN>",
        "stator": 20,
        "success": false,
        "supply": 5,
        "time": "<Infinity>",
      },
      {
        "ratio": "<NaN>",
        "stator": 20,
        "success": false,
        "supply": 15,
        "time": "<Infinity>",
      },
      {
        "ratio": 2.8,
        "stator": 20,
        "success": true,
        "supply": 25,
        "time": 0.2222222,
      },
      {
        "ratio": "<NaN>",
        "stator": 30,
        "success": false,
        "supply": 5,
        "time": "<Infinity>",
      },
      {
        "ratio": "<NaN>",
        "stator": 30,
        "success": false,
        "supply": 15,
        "time": "<Infinity>",
      },
      {
        "ratio": 3.2,
        "stator": 30,
        "success": true,
        "supply": 25,
        "time": 0.1818182,
      },
    ],
    "recommended": [
      30,
      25,
    ],
    "statorInputAmps": 20,
    "supplyInputAmps": 5,
  },
  {
    "cells": [
      {
        "ratio": "<NaN>",
        "stator": 10,
        "success": false,
        "supply": 10,
        "time": "<Infinity>",
      },
      {
        "ratio": "<NaN>",
        "stator": 10,
        "success": false,
        "supply": 20,
        "time": "<Infinity>",
      },
      {
        "ratio": "<NaN>",
        "stator": 10,
        "success": false,
        "supply": 30,
        "time": "<Infinity>",
      },
      {
        "ratio": "<NaN>",
        "stator": 20,
        "success": false,
        "supply": 10,
        "time": "<Infinity>",
      },
      {
        "ratio": 3,
        "stator": 20,
        "success": true,
        "supply": 20,
        "time": 0.25,
      },
      {
        "ratio": 2.666667,
        "stator": 20,
        "success": true,
        "supply": 30,
        "time": 0.2,
      },
      {
        "ratio": "<NaN>",
        "stator": 30,
        "success": false,
        "supply": 10,
        "time": "<Infinity>",
      },
      {
        "ratio": 3.5,
        "stator": 30,
        "success": true,
        "supply": 20,
        "time": 0.2,
      },
      {
        "ratio": 3,
        "stator": 30,
        "success": true,
        "supply": 30,
        "time": 0.1666667,
      },
    ],
    "recommended": [
      30,
      30,
    ],
    "statorInputAmps": 20,
    "supplyInputAmps": 20,
  },
  {
    "cells": [
      {
        "ratio": "<NaN>",
        "stator": 10,
        "success": false,
        "supply": 15,
        "time": "<Infinity>",
      },
      {
        "ratio": "<NaN>",
        "stator": 10,
        "success": false,
        "supply": 25,
        "time": "<Infinity>",
      },
      {
        "ratio": "<NaN>",
        "stator": 10,
        "success": false,
        "supply": 35,
        "time": "<Infinity>",
      },
      {
        "ratio": "<NaN>",
        "stator": 20,
        "success": false,
        "supply": 15,
        "time": "<Infinity>",
      },
      {
        "ratio": 2.8,
        "stator": 20,
        "success": true,
        "supply": 25,
        "time": 0.2222222,
      },
      {
        "ratio": 2.571429,
        "stator": 20,
        "success": true,
        "supply": 35,
        "time": 0.1818182,
      },
      {
        "ratio": "<NaN>",
        "stator": 30,
        "success": false,
        "supply": 15,
        "time": "<Infinity>",
      },
      {
        "ratio": 3.2,
        "stator": 30,
        "success": true,
        "supply": 25,
        "time": 0.1818182,
      },
      {
        "ratio": 2.857143,
        "stator": 30,
        "success": true,
        "supply": 35,
        "time": 0.1538462,
      },
    ],
    "recommended": [
      30,
      25,
    ],
    "statorInputAmps": 20,
    "supplyInputAmps": 25,
  },
  {
    "cells": [
      {
        "ratio": "<NaN>",
        "stator": 15,
        "success": false,
        "supply": 5,
        "time": "<Infinity>",
      },
      {
        "ratio": "<NaN>",
        "stator": 15,
        "success": false,
        "supply": 15,
        "time": "<Infinity>",
      },
      {
        "ratio": "<NaN>",
        "stator": 15,
        "success": false,
        "supply": 25,
        "time": "<Infinity>",
      },
      {
        "ratio": "<NaN>",
        "stator": 25,
        "success": false,
        "supply": 5,
        "time": "<Infinity>",
      },
      {
        "ratio": "<NaN>",
        "stator": 25,
        "success": false,
        "supply": 15,
        "time": "<Infinity>",
      },
      {
        "ratio": 3,
        "stator": 25,
        "success": true,
        "supply": 25,
        "time": 0.2,
      },
      {
        "ratio": "<NaN>",
        "stator": 35,
        "success": false,
        "supply": 5,
        "time": "<Infinity>",
      },
      {
        "ratio": "<NaN>",
        "stator": 35,
        "success": false,
        "supply": 15,
        "time": "<Infinity>",
      },
      {
        "ratio": 3.4,
        "stator": 35,
        "success": true,
        "supply": 25,
        "time": 0.1666667,
      },
    ],
    "recommended": [
      35,
      25,
    ],
    "statorInputAmps": 25,
    "supplyInputAmps": 0,
  },
  {
    "cells": [
      {
        "ratio": "<NaN>",
        "stator": 15,
        "success": false,
        "supply": 5,
        "time": "<Infinity>",
      },
      {
        "ratio": "<NaN>",
        "stator": 15,
        "success": false,
        "supply": 15,
        "time": "<Infinity>",
      },
      {
        "ratio": "<NaN>",
        "stator": 15,
        "success": false,
        "supply": 25,
        "time": "<Infinity>",
      },
      {
        "ratio": "<NaN>",
        "stator": 25,
        "success": false,
        "supply": 5,
        "time": "<Infinity>",
      },
      {
        "ratio": "<NaN>",
        "stator": 25,
        "success": false,
        "supply": 15,
        "time": "<Infinity>",
      },
      {
        "ratio": 3,
        "stator": 25,
        "success": true,
        "supply": 25,
        "time": 0.2,
      },
      {
        "ratio": "<NaN>",
        "stator": 35,
        "success": false,
        "supply": 5,
        "time": "<Infinity>",
      },
      {
        "ratio": "<NaN>",
        "stator": 35,
        "success": false,
        "supply": 15,
        "time": "<Infinity>",
      },
      {
        "ratio": 3.4,
        "stator": 35,
        "success": true,
        "supply": 25,
        "time": 0.1666667,
      },
    ],
    "recommended": [
      35,
      25,
    ],
    "statorInputAmps": 25,
    "supplyInputAmps": 5,
  },
  {
    "cells": [
      {
        "ratio": "<NaN>",
        "stator": 15,
        "success": false,
        "supply": 10,
        "time": "<Infinity>",
      },
      {
        "ratio": "<NaN>",
        "stator": 15,
        "success": false,
        "supply": 20,
        "time": "<Infinity>",
      },
      {
        "ratio": "<NaN>",
        "stator": 15,
        "success": false,
        "supply": 30,
        "time": "<Infinity>",
      },
      {
        "ratio": "<NaN>",
        "stator": 25,
        "success": false,
        "supply": 10,
        "time": "<Infinity>",
      },
      {
        "ratio": 3.25,
        "stator": 25,
        "success": true,
        "supply": 20,
        "time": 0.2222222,
      },
      {
        "ratio": 2.833333,
        "stator": 25,
        "success": true,
        "supply": 30,
        "time": 0.1818182,
      },
      {
        "ratio": "<NaN>",
        "stator": 35,
        "success": false,
        "supply": 10,
        "time": "<Infinity>",
      },
      {
        "ratio": 3.75,
        "stator": 35,
        "success": true,
        "supply": 20,
        "time": 0.1818182,
      },
      {
        "ratio": 3.166667,
        "stator": 35,
        "success": true,
        "supply": 30,
        "time": 0.1538462,
      },
    ],
    "recommended": [
      35,
      20,
    ],
    "statorInputAmps": 25,
    "supplyInputAmps": 20,
  },
  {
    "cells": [
      {
        "ratio": "<NaN>",
        "stator": 15,
        "success": false,
        "supply": 15,
        "time": "<Infinity>",
      },
      {
        "ratio": "<NaN>",
        "stator": 15,
        "success": false,
        "supply": 25,
        "time": "<Infinity>",
      },
      {
        "ratio": "<NaN>",
        "stator": 15,
        "success": false,
        "supply": 35,
        "time": "<Infinity>",
      },
      {
        "ratio": "<NaN>",
        "stator": 25,
        "success": false,
        "supply": 15,
        "time": "<Infinity>",
      },
      {
        "ratio": 3,
        "stator": 25,
        "success": true,
        "supply": 25,
        "time": 0.2,
      },
      {
        "ratio": 2.714286,
        "stator": 25,
        "success": true,
        "supply": 35,
        "time": 0.1666667,
      },
      {
        "ratio": "<NaN>",
        "stator": 35,
        "success": false,
        "supply": 15,
        "time": "<Infinity>",
      },
      {
        "ratio": 3.4,
        "stator": 35,
        "success": true,
        "supply": 25,
        "time": 0.1666667,
      },
      {
        "ratio": 3,
        "stator": 35,
        "success": true,
        "supply": 35,
        "time": 0.1428571,
      },
    ],
    "recommended": [
      35,
      35,
    ],
    "statorInputAmps": 25,
    "supplyInputAmps": 25,
  },
]
`;
