// Vitest Snapshot v1, https://vitest.dev/guide/snapshot.html

exports[`optimizer utility fuzz cases > finds the maximum current in generated state sequences 1`] = `
[
  0.001,
  50,
  200,
  1,
  50,
  200,
  100,
  100,
  200,
  1,
  50,
  200,
  1,
  50,
  200,
  100,
  100,
  200,
  10,
  50,
  200,
  10,
  50,
  200,
  100,
  100,
  200,
]
`;

exports[`optimizer utility fuzz cases > keeps adaptive simulation windows inside their configured bounds 1`] = `
[
  {
    "acceleration": 0.1,
    "distance": 0,
    "floor": 0.5,
    "result": 0.5,
    "velocity": 0.1,
  },
  {
    "acceleration": 0.1,
    "distance": 0,
    "floor": 1.5,
    "result": 1.5,
    "velocity": 0.1,
  },
  {
    "acceleration": 0.1,
    "distance": 0,
    "floor": 4,
    "result": 3,
    "velocity": 0.1,
  },
  {
    "acceleration": 1,
    "distance": 0,
    "floor": 0.5,
    "result": 0.5,
    "velocity": 0.1,
  },
  {
    "acceleration": 1,
    "distance": 0,
    "floor": 1.5,
    "result": 1.5,
    "velocity": 0.1,
  },
  {
    "acceleration": 1,
    "distance": 0,
    "floor": 4,
    "result": 3,
    "velocity": 0.1,
  },
  {
    "acceleration": 10,
    "distance": 0,
    "floor": 0.5,
    "result": 0.5,
    "velocity": 0.1,
  },
  {
    "acceleration": 10,
    "distance": 0,
    "floor": 1.5,
    "result": 1.5,
    "velocity": 0.1,
  },
  {
    "acceleration": 10,
    "distance": 0,
    "floor": 4,
    "result": 3,
    "velocity": 0.1,
  },
  {
    "acceleration": 0.1,
    "distance": 0,
    "floor": 0.5,
    "result": 0.5,
    "velocity": 1,
  },
  {
    "acceleration": 0.1,
    "distance": 0,
    "floor": 1.5,
    "result": 1.5,
    "velocity": 1,
  },
  {
    "acceleration": 0.1,
    "distance": 0,
    "floor": 4,
    "result": 3,
    "velocity": 1,
  },
  {
    "acceleration": 1,
    "distance": 0,
    "floor": 0.5,
    "result": 0.5,
    "velocity": 1,
  },
  {
    "acceleration": 1,
    "distance": 0,
    "floor": 1.5,
    "result": 1.5,
    "velocity": 1,
  },
  {
    "acceleration": 1,
    "distance": 0,
    "floor": 4,
    "result": 3,
    "velocity": 1,
  },
  {
    "acceleration": 10,
    "distance": 0,
    "floor": 0.5,
    "result": 0.5,
    "velocity": 1,
  },
  {
    "acceleration": 10,
    "distance": 0,
    "floor": 1.5,
    "result": 1.5,
    "velocity": 1,
  },
  {
    "acceleration": 10,
    "distance": 0,
    "floor": 4,
    "result": 3,
    "velocity": 1,
  },
  {
    "acceleration": 0.1,
    "distance": 0,
    "floor": 0.5,
    "result": 0.5,
    "velocity": 10,
  },
  {
    "acceleration": 0.1,
    "distance": 0,
    "floor": 1.5,
    "result": 1.5,
    "velocity": 10,
  },
  {
    "acceleration": 0.1,
    "distance": 0,
    "floor": 4,
    "result": 3,
    "velocity": 10,
  },
  {
    "acceleration": 1,
    "distance": 0,
    "floor": 0.5,
    "result": 0.5,
    "velocity": 10,
  },
  {
    "acceleration": 1,
    "distance": 0,
    "floor": 1.5,
    "result": 1.5,
    "velocity": 10,
  },
  {
    "acceleration": 1,
    "distance": 0,
    "floor": 4,
    "result": 3,
    "velocity": 10,
  },
  {
    "acceleration": 10,
    "distance": 0,
    "floor": 0.5,
    "result": 0.5,
    "velocity": 10,
  },
  {
    "acceleration": 10,
    "distance": 0,
    "floor": 1.5,
    "result": 1.5,
    "velocity": 10,
  },
  {
    "acceleration": 10,
    "distance": 0,
    "floor": 4,
    "result": 3,
    "velocity": 10,
  },
  {
    "acceleration": 0.1,
    "distance": 0.001,
    "floor": 0.5,
    "result": 0.5,
    "velocity": 0.1,
  },
  {
    "acceleration": 0.1,
    "distance": 0.001,
    "floor": 1.5,
    "result": 1.5,
    "velocity": 0.1,
  },
  {
    "acceleration": 0.1,
    "distance": 0.001,
    "floor": 4,
    "result": 3,
    "velocity": 0.1,
  },
  {
    "acceleration": 1,
    "distance": 0.001,
    "floor": 0.5,
    "result": 0.5,
    "velocity": 0.1,
  },
  {
    "acceleration": 1,
    "distance": 0.001,
    "floor": 1.5,
    "result": 1.5,
    "velocity": 0.1,
  },
  {
    "acceleration": 1,
    "distance": 0.001,
    "floor": 4,
    "result": 3,
    "velocity": 0.1,
  },
  {
    "acceleration": 10,
    "distance": 0.001,
    "floor": 0.5,
    "result": 0.5,
    "velocity": 0.1,
  },
  {
    "acceleration": 10,
    "distance": 0.001,
    "floor": 1.5,
    "result": 1.5,
    "velocity": 0.1,
  },
  {
    "acceleration": 10,
    "distance": 0.001,
    "floor": 4,
    "result": 3,
    "velocity": 0.1,
  },
  {
    "acceleration": 0.1,
    "distance": 0.001,
    "floor": 0.5,
    "result": 0.5,
    "velocity": 1,
  },
  {
    "acceleration": 0.1,
    "distance": 0.001,
    "floor": 1.5,
    "result": 1.5,
    "velocity": 1,
  },
  {
    "acceleration": 0.1,
    "distance": 0.001,
    "floor": 4,
    "result": 3,
    "velocity": 1,
  },
  {
    "acceleration": 1,
    "distance": 0.001,
    "floor": 0.5,
    "result": 0.5,
    "velocity": 1,
  },
  {
    "acceleration": 1,
    "distance": 0.001,
    "floor": 1.5,
    "result": 1.5,
    "velocity": 1,
  },
  {
    "acceleration": 1,
    "distance": 0.001,
    "floor": 4,
    "result": 3,
    "velocity": 1,
  },
  {
    "acceleration": 10,
    "distance": 0.001,
    "floor": 0.5,
    "result": 0.5,
    "velocity": 1,
  },
  {
    "acceleration": 10,
    "distance": 0.001,
    "floor": 1.5,
    "result": 1.5,
    "velocity": 1,
  },
  {
    "acceleration": 10,
    "distance": 0.001,
    "floor": 4,
    "result": 3,
    "velocity": 1,
  },
  {
    "acceleration": 0.1,
    "distance": 0.001,
    "floor": 0.5,
    "result": 0.5,
    "velocity": 10,
  },
  {
    "acceleration": 0.1,
    "distance": 0.001,
    "floor": 1.5,
    "result": 1.5,
    "velocity": 10,
  },
  {
    "acceleration": 0.1,
    "distance": 0.001,
    "floor": 4,
    "result": 3,
    "velocity": 10,
  },
  {
    "acceleration": 1,
    "distance": 0.001,
    "floor": 0.5,
    "result": 0.5,
    "velocity": 10,
  },
  {
    "acceleration": 1,
    "distance": 0.001,
    "floor": 1.5,
    "result": 1.5,
    "velocity": 10,
  },
  {
    "acceleration": 1,
    "distance": 0.001,
    "floor": 4,
    "result": 3,
    "velocity": 10,
  },
  {
    "acceleration": 10,
    "distance": 0.001,
    "floor": 0.5,
    "result": 0.5,
    "velocity": 10,
  },
  {
    "acceleration": 10,
    "distance": 0.001,
    "floor": 1.5,
    "result": 1.5,
    "velocity": 10,
  },
  {
    "acceleration": 10,
    "distance": 0.001,
    "floor": 4,
    "result": 3,
    "velocity": 10,
  },
  {
    "acceleration": 0.1,
    "distance": 0.1,
    "floor": 0.5,
    "result": 2.75,
    "velocity": 0.1,
  },
  {
    "acceleration": 0.1,
    "distance": 0.1,
    "floor": 1.5,
    "result": 2.75,
    "velocity": 0.1,
  },
  {
    "acceleration": 0.1,
    "distance": 0.1,
    "floor": 4,
    "result": 3,
    "velocity": 0.1,
  },
  {
    "acceleration": 1,
    "distance": 0.1,
    "floor": 0.5,
    "result": 1.58,
    "velocity": 0.1,
  },
  {
    "acceleration": 1,
    "distance": 0.1,
    "floor": 1.5,
    "result": 1.58,
    "velocity": 0.1,
  },
  {
    "acceleration": 1,
    "distance": 0.1,
    "floor": 4,
    "result": 3,
    "velocity": 0.1,
  },
  {
    "acceleration": 10,
    "distance": 0.1,
    "floor": 0.5,
    "result": 1.463,
    "velocity": 0.1,
  },
  {
    "acceleration": 10,
    "distance": 0.1,
    "floor": 1.5,
    "result": 1.5,
    "velocity": 0.1,
  },
  {
    "acceleration": 10,
    "distance": 0.1,
    "floor": 4,
    "result": 3,
    "velocity": 0.1,
  },
  {
    "acceleration": 0.1,
    "distance": 0.1,
    "floor": 0.5,
    "result": 2.75,
    "velocity": 1,
  },
  {
    "acceleration": 0.1,
    "distance": 0.1,
    "floor": 1.5,
    "result": 2.75,
    "velocity": 1,
  },
  {
    "acceleration": 0.1,
    "distance": 0.1,
    "floor": 4,
    "result": 3,
    "velocity": 1,
  },
  {
    "acceleration": 1,
    "distance": 0.1,
    "floor": 0.5,
    "result": 0.9721922,
    "velocity": 1,
  },
  {
    "acceleration": 1,
    "distance": 0.1,
    "floor": 1.5,
    "result": 1.5,
    "velocity": 1,
  },
  {
    "acceleration": 1,
    "distance": 0.1,
    "floor": 4,
    "result": 3,
    "velocity": 1,
  },
  {
    "acceleration": 10,
    "distance": 0.1,
    "floor": 0.5,
    "result": 0.5,
    "velocity": 1,
  },
  {
    "acceleration": 10,
    "distance": 0.1,
    "floor": 1.5,
    "result": 1.5,
    "velocity": 1,
  },
  {
    "acceleration": 10,
    "distance": 0.1,
    "floor": 4,
    "result": 3,
    "velocity": 1,
  },
  {
    "acceleration": 0.1,
    "distance": 0.1,
    "floor": 0.5,
    "result": 2.75,
    "velocity": 10,
  },
  {
    "acceleration": 0.1,
    "distance": 0.1,
    "floor": 1.5,
    "result": 2.75,
    "velocity": 10,
  },
  {
    "acceleration": 0.1,
    "distance": 0.1,
    "floor": 4,
    "result": 3,
    "velocity": 10,
  },
  {
    "acceleration": 1,
    "distance": 0.1,
    "floor": 0.5,
    "result": 0.9721922,
    "velocity": 10,
  },
  {
    "acceleration": 1,
    "distance": 0.1,
    "floor": 1.5,
    "result": 1.5,
    "velocity": 10,
  },
  {
    "acceleration": 1,
    "distance": 0.1,
    "floor": 4,
    "result": 3,
    "velocity": 10,
  },
  {
    "acceleration": 10,
    "distance": 0.1,
    "floor": 0.5,
    "result": 0.5,
    "velocity": 10,
  },
  {
    "acceleration": 10,
    "distance": 0.1,
    "floor": 1.5,
    "result": 1.5,
    "velocity": 10,
  },
  {
    "acceleration": 10,
    "distance": 0.1,
    "floor": 4,
    "result": 3,
    "velocity": 10,
  },
  {
    "acceleration": 0.1,
    "distance": 1,
    "floor": 0.5,
    "result": 3,
    "velocity": 0.1,
  },
  {
    "acceleration": 0.1,
    "distance": 1,
    "floor": 1.5,
    "result": 3,
    "velocity": 0.1,
  },
  {
    "acceleration": 0.1,
    "distance": 1,
    "floor": 4,
    "result": 3,
    "velocity": 0.1,
  },
  {
    "acceleration": 1,
    "distance": 1,
    "floor": 0.5,
    "result": 3,
    "velocity": 0.1,
  },
  {
    "acceleration": 1,
    "distance": 1,
    "floor": 1.5,
    "result": 3,
    "velocity": 0.1,
  },
  {
    "acceleration": 1,
    "distance": 1,
    "floor": 4,
    "result": 3,
    "velocity": 0.1,
  },
  {
    "acceleration": 10,
    "distance": 1,
    "floor": 0.5,
    "result": 3,
    "velocity": 0.1,
  },
  {
    "acceleration": 10,
    "distance": 1,
    "floor": 1.5,
    "result": 3,
    "velocity": 0.1,
  },
  {
    "acceleration": 10,
    "distance": 1,
    "floor": 4,
    "result": 3,
    "velocity": 0.1,
  },
  {
    "acceleration": 0.1,
    "distance": 1,
    "floor": 0.5,
    "result": 3,
    "velocity": 1,
  },
  {
    "acceleration": 0.1,
    "distance": 1,
    "floor": 1.5,
    "result": 3,
    "velocity": 1,
  },
  {
    "acceleration": 0.1,
    "distance": 1,
    "floor": 4,
    "result": 3,
    "velocity": 1,
  },
  {
    "acceleration": 1,
    "distance": 1,
    "floor": 0.5,
    "result": 2.75,
    "velocity": 1,
  },
  {
    "acceleration": 1,
    "distance": 1,
    "floor": 1.5,
    "result": 2.75,
    "velocity": 1,
  },
  {
    "acceleration": 1,
    "distance": 1,
    "floor": 4,
    "result": 3,
    "velocity": 1,
  },
  {
    "acceleration": 10,
    "distance": 1,
    "floor": 0.5,
    "result": 1.58,
    "velocity": 1,
  },
  {
    "acceleration": 10,
    "distance": 1,
    "floor": 1.5,
    "result": 1.58,
    "velocity": 1,
  },
  {
    "acceleration": 10,
    "distance": 1,
    "floor": 4,
    "result": 3,
    "velocity": 1,
  },
  {
    "acceleration": 0.1,
    "distance": 1,
    "floor": 0.5,
    "result": 3,
    "velocity": 10,
  },
  {
    "acceleration": 0.1,
    "distance": 1,
    "floor": 1.5,
    "result": 3,
    "velocity": 10,
  },
  {
    "acceleration": 0.1,
    "distance": 1,
    "floor": 4,
    "result": 3,
    "velocity": 10,
  },
  {
    "acceleration": 1,
    "distance": 1,
    "floor": 0.5,
    "result": 2.75,
    "velocity": 10,
  },
  {
    "acceleration": 1,
    "distance": 1,
    "floor": 1.5,
    "result": 2.75,
    "velocity": 10,
  },
  {
    "acceleration": 1,
    "distance": 1,
    "floor": 4,
    "result": 3,
    "velocity": 10,
  },
  {
    "acceleration": 10,
    "distance": 1,
    "floor": 0.5,
    "result": 0.9721922,
    "velocity": 10,
  },
  {
    "acceleration": 10,
    "distance": 1,
    "floor": 1.5,
    "result": 1.5,
    "velocity": 10,
  },
  {
    "acceleration": 10,
    "distance": 1,
    "floor": 4,
    "result": 3,
    "velocity": 10,
  },
  {
    "acceleration": 0.1,
    "distance": 10,
    "floor": 0.5,
    "result": 3,
    "velocity": 0.1,
  },
  {
    "acceleration": 0.1,
    "distance": 10,
    "floor": 1.5,
    "result": 3,
    "velocity": 0.1,
  },
  {
    "acceleration": 0.1,
    "distance": 10,
    "floor": 4,
    "result": 3,
    "velocity": 0.1,
  },
  {
    "acceleration": 1,
    "distance": 10,
    "floor": 0.5,
    "result": 3,
    "velocity": 0.1,
  },
  {
    "acceleration": 1,
    "distance": 10,
    "floor": 1.5,
    "result": 3,
    "velocity": 0.1,
  },
  {
    "acceleration": 1,
    "distance": 10,
    "floor": 4,
    "result": 3,
    "velocity": 0.1,
  },
  {
    "acceleration": 10,
    "distance": 10,
    "floor": 0.5,
    "result": 3,
    "velocity": 0.1,
  },
  {
    "acceleration": 10,
    "distance": 10,
    "floor": 1.5,
    "result": 3,
    "velocity": 0.1,
  },
  {
    "acceleration": 10,
    "distance": 10,
    "floor": 4,
    "result": 3,
    "velocity": 0.1,
  },
  {
    "acceleration": 0.1,
    "distance": 10,
    "floor": 0.5,
    "result": 3,
    "velocity": 1,
  },
  {
    "acceleration": 0.1,
    "distance": 10,
    "floor": 1.5,
    "result": 3,
    "velocity": 1,
  },
  {
    "acceleration": 0.1,
    "distance": 10,
    "floor": 4,
    "result": 3,
    "velocity": 1,
  },
  {
    "acceleration": 1,
    "distance": 10,
    "floor": 0.5,
    "result": 3,
    "velocity": 1,
  },
  {
    "acceleration": 1,
    "distance": 10,
    "floor": 1.5,
    "result": 3,
    "velocity": 1,
  },
  {
    "acceleration": 1,
    "distance": 10,
    "floor": 4,
    "result": 3,
    "velocity": 1,
  },
  {
    "acceleration": 10,
    "distance": 10,
    "floor": 0.5,
    "result": 3,
    "velocity": 1,
  },
  {
    "acceleration": 10,
    "distance": 10,
    "floor": 1.5,
    "result": 3,
    "velocity": 1,
  },
  {
    "acceleration": 10,
    "distance": 10,
    "floor": 4,
    "result": 3,
    "velocity": 1,
  },
  {
    "acceleration": 0.1,
    "distance": 10,
    "floor": 0.5,
    "result": 3,
    "velocity": 10,
  },
  {
    "acceleration": 0.1,
    "distance": 10,
    "floor": 1.5,
    "result": 3,
    "velocity": 10,
  },
  {
    "acceleration": 0.1,
    "distance": 10,
    "floor": 4,
    "result": 3,
    "velocity": 10,
  },
  {
    "acceleration": 1,
    "distance": 10,
    "floor": 0.5,
    "result": 3,
    "velocity": 10,
  },
  {
    "acceleration": 1,
    "distance": 10,
    "floor": 1.5,
    "result": 3,
    "velocity": 10,
  },
  {
    "acceleration": 1,
    "distance": 10,
    "floor": 4,
    "result": 3,
    "velocity": 10,
  },
  {
    "acceleration": 10,
    "distance": 10,
    "floor": 0.5,
    "result": 2.75,
    "velocity": 10,
  },
  {
    "acceleration": 10,
    "distance": 10,
    "floor": 1.5,
    "result": 2.75,
    "velocity": 10,
  },
  {
    "acceleration": 10,
    "distance": 10,
    "floor": 4,
    "result": 3,
    "velocity": 10,
  },
  {
    "acceleration": 0.1,
    "distance": 100,
    "floor": 0.5,
    "result": 3,
    "velocity": 0.1,
  },
  {
    "acceleration": 0.1,
    "distance": 100,
    "floor": 1.5,
    "result": 3,
    "velocity": 0.1,
  },
  {
    "acceleration": 0.1,
    "distance": 100,
    "floor": 4,
    "result": 3,
    "velocity": 0.1,
  },
  {
    "acceleration": 1,
    "distance": 100,
    "floor": 0.5,
    "result": 3,
    "velocity": 0.1,
  },
  {
    "acceleration": 1,
    "distance": 100,
    "floor": 1.5,
    "result": 3,
    "velocity": 0.1,
  },
  {
    "acceleration": 1,
    "distance": 100,
    "floor": 4,
    "result": 3,
    "velocity": 0.1,
  },
  {
    "acceleration": 10,
    "distance": 100,
    "floor": 0.5,
    "result": 3,
    "velocity": 0.1,
  },
  {
    "acceleration": 10,
    "distance": 100,
    "floor": 1.5,
    "result": 3,
    "velocity": 0.1,
  },
  {
    "acceleration": 10,
    "distance": 100,
    "floor": 4,
    "result": 3,
    "velocity": 0.1,
  },
  {
    "acceleration": 0.1,
    "distance": 100,
    "floor": 0.5,
    "result": 3,
    "velocity": 1,
  },
  {
    "acceleration": 0.1,
    "distance": 100,
    "floor": 1.5,
    "result": 3,
    "velocity": 1,
  },
  {
    "acceleration": 0.1,
    "distance": 100,
    "floor": 4,
    "result": 3,
    "velocity": 1,
  },
  {
    "acceleration": 1,
    "distance": 100,
    "floor": 0.5,
    "result": 3,
    "velocity": 1,
  },
  {
    "acceleration": 1,
    "distance": 100,
    "floor": 1.5,
    "result": 3,
    "velocity": 1,
  },
  {
    "acceleration": 1,
    "distance": 100,
    "floor": 4,
    "result": 3,
    "velocity": 1,
  },
  {
    "acceleration": 10,
    "distance": 100,
    "floor": 0.5,
    "result": 3,
    "velocity": 1,
  },
  {
    "acceleration": 10,
    "distance": 100,
    "floor": 1.5,
    "result": 3,
    "velocity": 1,
  },
  {
    "acceleration": 10,
    "distance": 100,
    "floor": 4,
    "result": 3,
    "velocity": 1,
  },
  {
    "acceleration": 0.1,
    "distance": 100,
    "floor": 0.5,
    "result": 3,
    "velocity": 10,
  },
  {
    "acceleration": 0.1,
    "distance": 100,
    "floor": 1.5,
    "result": 3,
    "velocity": 10,
  },
  {
    "acceleration": 0.1,
    "distance": 100,
    "floor": 4,
    "result": 3,
    "velocity": 10,
  },
  {
    "acceleration": 1,
    "distance": 100,
    "floor": 0.5,
    "result": 3,
    "velocity": 10,
  },
  {
    "acceleration": 1,
    "distance": 100,
    "floor": 1.5,
    "result": 3,
    "velocity": 10,
  },
  {
    "acceleration": 1,
    "distance": 100,
    "floor": 4,
    "result": 3,
    "velocity": 10,
  },
  {
    "acceleration": 10,
    "distance": 100,
    "floor": 0.5,
    "result": 3,
    "velocity": 10,
  },
  {
    "acceleration": 10,
    "distance": 100,
    "floor": 1.5,
    "result": 3,
    "velocity": 10,
  },
  {
    "acceleration": 10,
    "distance": 100,
    "floor": 4,
    "result": 3,
    "velocity": 10,
  },
]
`;

exports[`optimizer utility fuzz cases > keeps grids ordered and bounded for every positive maximum 1`] = `
[
  {
    "grid": [],
    "maximum": 0,
  },
  {
    "grid": [
      1e-9,
    ],
    "maximum": 1e-9,
  },
  {
    "grid": [
      0.001,
    ],
    "maximum": 0.001,
  },
  {
    "grid": [
      0.1,
    ],
    "maximum": 0.1,
  },
  {
    "grid": [
      0.5,
    ],
    "maximum": 0.5,
  },
  {
    "grid": [
      1,
    ],
    "maximum": 1,
  },
  {
    "grid": [
      2,
    ],
    "maximum": 2,
  },
  {
    "grid": [
      5,
    ],
    "maximum": 5,
  },
  {
    "grid": [
      10,
    ],
    "maximum": 10,
  },
  {
    "grid": [
      10,
      20,
      30,
      40,
    ],
    "maximum": 40,
  },
  {
    "grid": [
      10,
      20,
      30,
      40,
      50,
      60,
      70,
      80,
      90,
      100,
    ],
    "maximum": 100,
  },
  {
    "grid": [
      10,
      20,
      30,
      40,
      50,
      60,
      70,
      80,
      90,
      100,
      110,
      120,
      130,
      140,
      150,
      160,
      170,
      180,
      190,
      200,
      210,
      220,
      230,
      240,
      250,
      260,
      270,
      280,
      290,
      300,
      310,
      320,
      330,
      340,
      350,
      360,
      370,
      380,
      390,
      400,
      410,
      420,
      430,
      440,
      450,
      460,
      470,
      480,
      490,
      500,
      510,
      520,
      530,
      540,
      550,
      560,
      570,
      580,
      590,
      600,
      610,
      620,
      630,
      640,
      650,
      660,
      670,
      680,
      690,
      700,
      710,
      720,
      730,
      740,
      750,
      760,
      770,
      780,
      790,
      800,
      810,
      820,
      830,
      840,
      850,
      860,
      870,
      880,
      890,
      900,
      910,
      920,
      930,
      940,
      950,
      960,
      970,
      980,
      990,
      1000,
    ],
    "maximum": 1000,
  },
]
`;

exports[`optimizer utility fuzz cases > matches the closed-form profile duration across triangular and trapezoidal cases 1`] = `
[
  {
    "acceleration": 0.1,
    "distance": 0.001,
    "duration": 0.2,
    "velocity": 0.1,
  },
  {
    "acceleration": 1,
    "distance": 0.001,
    "duration": 0.06324555,
    "velocity": 0.1,
  },
  {
    "acceleration": 5,
    "distance": 0.001,
    "duration": 0.02828427,
    "velocity": 0.1,
  },
  {
    "acceleration": 20,
    "distance": 0.001,
    "duration": 0.015,
    "velocity": 0.1,
  },
  {
    "acceleration": 0.1,
    "distance": 0.001,
    "duration": 0.2,
    "velocity": 1,
  },
  {
    "acceleration": 1,
    "distance": 0.001,
    "duration": 0.06324555,
    "velocity": 1,
  },
  {
    "acceleration": 5,
    "distance": 0.001,
    "duration": 0.02828427,
    "velocity": 1,
  },
  {
    "acceleration": 20,
    "distance": 0.001,
    "duration": 0.01414214,
    "velocity": 1,
  },
  {
    "acceleration": 0.1,
    "distance": 0.001,
    "duration": 0.2,
    "velocity": 5,
  },
  {
    "acceleration": 1,
    "distance": 0.001,
    "duration": 0.06324555,
    "velocity": 5,
  },
  {
    "acceleration": 5,
    "distance": 0.001,
    "duration": 0.02828427,
    "velocity": 5,
  },
  {
    "acceleration": 20,
    "distance": 0.001,
    "duration": 0.01414214,
    "velocity": 5,
  },
  {
    "acceleration": 0.1,
    "distance": 0.001,
    "duration": 0.2,
    "velocity": 20,
  },
  {
    "acceleration": 1,
    "distance": 0.001,
    "duration": 0.06324555,
    "velocity": 20,
  },
  {
    "acceleration": 5,
    "distance": 0.001,
    "duration": 0.02828427,
    "velocity": 20,
  },
  {
    "acceleration": 20,
    "distance": 0.001,
    "duration": 0.01414214,
    "velocity": 20,
  },
  {
    "acceleration": 0.1,
    "distance": 0.1,
    "duration": 2,
    "velocity": 0.1,
  },
  {
    "acceleration": 1,
    "distance": 0.1,
    "duration": 1.1,
    "velocity": 0.1,
  },
  {
    "acceleration": 5,
    "distance": 0.1,
    "duration": 1.02,
    "velocity": 0.1,
  },
  {
    "acceleration": 20,
    "distance": 0.1,
    "duration": 1.005,
    "velocity": 0.1,
  },
  {
    "acceleration": 0.1,
    "distance": 0.1,
    "duration": 2,
    "velocity": 1,
  },
  {
    "acceleration": 1,
    "distance": 0.1,
    "duration": 0.6324555,
    "velocity": 1,
  },
  {
    "acceleration": 5,
    "distance": 0.1,
    "duration": 0.2828427,
    "velocity": 1,
  },
  {
    "acceleration": 20,
    "distance": 0.1,
    "duration": 0.15,
    "velocity": 1,
  },
  {
    "acceleration": 0.1,
    "distance": 0.1,
    "duration": 2,
    "velocity": 5,
  },
  {
    "acceleration": 1,
    "distance": 0.1,
    "duration": 0.6324555,
    "velocity": 5,
  },
  {
    "acceleration": 5,
    "distance": 0.1,
    "duration": 0.2828427,
    "velocity": 5,
  },
  {
    "acceleration": 20,
    "distance": 0.1,
    "duration": 0.1414214,
    "velocity": 5,
  },
  {
    "acceleration": 0.1,
    "distance": 0.1,
    "duration": 2,
    "velocity": 20,
  },
  {
    "acceleration": 1,
    "distance": 0.1,
    "duration": 0.6324555,
    "velocity": 20,
  },
  {
    "acceleration": 5,
    "distance": 0.1,
    "duration": 0.2828427,
    "velocity": 20,
  },
  {
    "acceleration": 20,
    "distance": 0.1,
    "duration": 0.1414214,
    "velocity": 20,
  },
  {
    "acceleration": 0.1,
    "distance": 1,
    "duration": 11,
    "velocity": 0.1,
  },
  {
    "acceleration": 1,
    "distance": 1,
    "duration": 10.1,
    "velocity": 0.1,
  },
  {
    "acceleration": 5,
    "distance": 1,
    "duration": 10.02,
    "velocity": 0.1,
  },
  {
    "acceleration": 20,
    "distance": 1,
    "duration": 10.005,
    "velocity": 0.1,
  },
  {
    "acceleration": 0.1,
    "distance": 1,
    "duration": 6.324555,
    "velocity": 1,
  },
  {
    "acceleration": 1,
    "distance": 1,
    "duration": 2,
    "velocity": 1,
  },
  {
    "acceleration": 5,
    "distance": 1,
    "duration": 1.2,
    "velocity": 1,
  },
  {
    "acceleration": 20,
    "distance": 1,
    "duration": 1.05,
    "velocity": 1,
  },
  {
    "acceleration": 0.1,
    "distance": 1,
    "duration": 6.324555,
    "velocity": 5,
  },
  {
    "acceleration": 1,
    "distance": 1,
    "duration": 2,
    "velocity": 5,
  },
  {
    "acceleration": 5,
    "distance": 1,
    "duration": 0.8944272,
    "velocity": 5,
  },
  {
    "acceleration": 20,
    "distance": 1,
    "duration": 0.4472136,
    "velocity": 5,
  },
  {
    "acceleration": 0.1,
    "distance": 1,
    "duration": 6.324555,
    "velocity": 20,
  },
  {
    "acceleration": 1,
    "distance": 1,
    "duration": 2,
    "velocity": 20,
  },
  {
    "acceleration": 5,
    "distance": 1,
    "duration": 0.8944272,
    "velocity": 20,
  },
  {
    "acceleration": 20,
    "distance": 1,
    "duration": 0.4472136,
    "velocity": 20,
  },
  {
    "acceleration": 0.1,
    "distance": 10,
    "duration": 101,
    "velocity": 0.1,
  },
  {
    "acceleration": 1,
    "distance": 10,
    "duration": 100.1,
    "velocity": 0.1,
  },
  {
    "acceleration": 5,
    "distance": 10,
    "duration": 100.02,
    "velocity": 0.1,
  },
  {
    "acceleration": 20,
    "distance": 10,
    "duration": 100.005,
    "velocity": 0.1,
  },
  {
    "acceleration": 0.1,
    "distance": 10,
    "duration": 20,
    "velocity": 1,
  },
  {
    "acceleration": 1,
    "distance": 10,
    "duration": 11,
    "velocity": 1,
  },
  {
    "acceleration": 5,
    "distance": 10,
    "duration": 10.2,
    "velocity": 1,
  },
  {
    "acceleration": 20,
    "distance": 10,
    "duration": 10.05,
    "velocity": 1,
  },
  {
    "acceleration": 0.1,
    "distance": 10,
    "duration": 20,
    "velocity": 5,
  },
  {
    "acceleration": 1,
    "distance": 10,
    "duration": 6.324555,
    "velocity": 5,
  },
  {
    "acceleration": 5,
    "distance": 10,
    "duration": 3,
    "velocity": 5,
  },
  {
    "acceleration": 20,
    "distance": 10,
    "duration": 2.25,
    "velocity": 5,
  },
  {
    "acceleration": 0.1,
    "distance": 10,
    "duration": 20,
    "velocity": 20,
  },
  {
    "acceleration": 1,
    "distance": 10,
    "duration": 6.324555,
    "velocity": 20,
  },
  {
    "acceleration": 5,
    "distance": 10,
    "duration": 2.828427,
    "velocity": 20,
  },
  {
    "acceleration": 20,
    "distance": 10,
    "duration": 1.414214,
    "velocity": 20,
  },
  {
    "acceleration": 0.1,
    "distance": 100,
    "duration": 1001,
    "velocity": 0.1,
  },
  {
    "acceleration": 1,
    "distance": 100,
    "duration": 1000.1,
    "velocity": 0.1,
  },
  {
    "acceleration": 5,
    "distance": 100,
    "duration": 1000.02,
    "velocity": 0.1,
  },
  {
    "acceleration": 20,
    "distance": 100,
    "duration": 1000.005,
    "velocity": 0.1,
  },
  {
    "acceleration": 0.1,
    "distance": 100,
    "duration": 110,
    "velocity": 1,
  },
  {
    "acceleration": 1,
    "distance": 100,
    "duration": 101,
    "velocity": 1,
  },
  {
    "acceleration": 5,
    "distance": 100,
    "duration": 100.2,
    "velocity": 1,
  },
  {
    "acceleration": 20,
    "distance": 100,
    "duration": 100.05,
    "velocity": 1,
  },
  {
    "acceleration": 0.1,
    "distance": 100,
    "duration": 63.24555,
    "velocity": 5,
  },
  {
    "acceleration": 1,
    "distance": 100,
    "duration": 25,
    "velocity": 5,
  },
  {
    "acceleration": 5,
    "distance": 100,
    "duration": 21,
    "velocity": 5,
  },
  {
    "acceleration": 20,
    "distance": 100,
    "duration": 20.25,
    "velocity": 5,
  },
  {
    "acceleration": 0.1,
    "distance": 100,
    "duration": 63.24555,
    "velocity": 20,
  },
  {
    "acceleration": 1,
    "distance": 100,
    "duration": 20,
    "velocity": 20,
  },
  {
    "acceleration": 5,
    "distance": 100,
    "duration": 9,
    "velocity": 20,
  },
  {
    "acceleration": 20,
    "distance": 100,
    "duration": 6,
    "velocity": 20,
  },
]
`;

exports[`optimizer utility fuzz cases > reduces generated configuration results to the fastest successful result 1`] = `
[
  {
    "recommended": null,
    "resultCount": 1,
    "successCount": 0,
  },
  {
    "recommended": {
      "stator": 20,
      "supply": 20,
      "time": 2,
    },
    "resultCount": 3,
    "successCount": 2,
  },
  {
    "recommended": {
      "stator": 20,
      "supply": 20,
      "time": 1,
    },
    "resultCount": 3,
    "successCount": 2,
  },
]
`;

exports[`optimizer utility fuzz cases > returns the expected metric for every priority and positive source 1`] = `
[
  {
    "source": {
      "energyJoules": 1.0000000000000002e-10,
      "peakCurrentAmps": 0.01,
      "timeToGoalSeconds": 1e-9,
    },
    "values": [
      1e-9,
      0.01,
      1e-10,
      0.1,
    ],
  },
  {
    "source": {
      "energyJoules": 1.0000000000000002e-8,
      "peakCurrentAmps": 1,
      "timeToGoalSeconds": 1e-9,
    },
    "values": [
      1e-9,
      1,
      1e-8,
      10,
    ],
  },
  {
    "source": {
      "energyJoules": 5.0000000000000004e-8,
      "peakCurrentAmps": 5,
      "timeToGoalSeconds": 1e-9,
    },
    "values": [
      1e-9,
      5,
      5e-8,
      50,
    ],
  },
  {
    "source": {
      "energyJoules": 1.0000000000000001e-7,
      "peakCurrentAmps": 10,
      "timeToGoalSeconds": 1e-9,
    },
    "values": [
      1e-9,
      10,
      1e-7,
      100,
    ],
  },
  {
    "source": {
      "energyJoules": 2.0000000000000002e-7,
      "peakCurrentAmps": 20,
      "timeToGoalSeconds": 1e-9,
    },
    "values": [
      1e-9,
      20,
      2e-7,
      200,
    ],
  },
  {
    "source": {
      "energyJoules": 0.00009999999999999999,
      "peakCurrentAmps": 0.01,
      "timeToGoalSeconds": 0.001,
    },
    "values": [
      0.001,
      0.01,
      0.0001,
      0.1,
    ],
  },
  {
    "source": {
      "energyJoules": 0.01,
      "peakCurrentAmps": 1,
      "timeToGoalSeconds": 0.001,
    },
    "values": [
      0.001,
      1,
      0.01,
      10,
    ],
  },
  {
    "source": {
      "energyJoules": 0.05,
      "peakCurrentAmps": 5,
      "timeToGoalSeconds": 0.001,
    },
    "values": [
      0.001,
      5,
      0.05,
      50,
    ],
  },
  {
    "source": {
      "energyJoules": 0.1,
      "peakCurrentAmps": 10,
      "timeToGoalSeconds": 0.001,
    },
    "values": [
      0.001,
      10,
      0.1,
      100,
    ],
  },
  {
    "source": {
      "energyJoules": 0.2,
      "peakCurrentAmps": 20,
      "timeToGoalSeconds": 0.001,
    },
    "values": [
      0.001,
      20,
      0.2,
      200,
    ],
  },
  {
    "source": {
      "energyJoules": 0.01,
      "peakCurrentAmps": 0.01,
      "timeToGoalSeconds": 0.1,
    },
    "values": [
      0.1,
      0.01,
      0.01,
      0.1,
    ],
  },
  {
    "source": {
      "energyJoules": 1.0000000000000002,
      "peakCurrentAmps": 1,
      "timeToGoalSeconds": 0.1,
    },
    "values": [
      0.1,
      1,
      1,
      10,
    ],
  },
  {
    "source": {
      "energyJoules": 5,
      "peakCurrentAmps": 5,
      "timeToGoalSeconds": 0.1,
    },
    "values": [
      0.1,
      5,
      5,
      50,
    ],
  },
  {
    "source": {
      "energyJoules": 10,
      "peakCurrentAmps": 10,
      "timeToGoalSeconds": 0.1,
    },
    "values": [
      0.1,
      10,
      10,
      100,
    ],
  },
  {
    "source": {
      "energyJoules": 20,
      "peakCurrentAmps": 20,
      "timeToGoalSeconds": 0.1,
    },
    "values": [
      0.1,
      20,
      20,
      200,
    ],
  },
  {
    "source": {
      "energyJoules": 0.05,
      "peakCurrentAmps": 0.01,
      "timeToGoalSeconds": 0.5,
    },
    "values": [
      0.5,
      0.01,
      0.05,
      0.1,
    ],
  },
  {
    "source": {
      "energyJoules": 5,
      "peakCurrentAmps": 1,
      "timeToGoalSeconds": 0.5,
    },
    "values": [
      0.5,
      1,
      5,
      10,
    ],
  },
  {
    "source": {
      "energyJoules": 25,
      "peakCurrentAmps": 5,
      "timeToGoalSeconds": 0.5,
    },
    "values": [
      0.5,
      5,
      25,
      50,
    ],
  },
  {
    "source": {
      "energyJoules": 50,
      "peakCurrentAmps": 10,
      "timeToGoalSeconds": 0.5,
    },
    "values": [
      0.5,
      10,
      50,
      100,
    ],
  },
  {
    "source": {
      "energyJoules": 100,
      "peakCurrentAmps": 20,
      "timeToGoalSeconds": 0.5,
    },
    "values": [
      0.5,
      20,
      100,
      200,
    ],
  },
  {
    "source": {
      "energyJoules": 0.1,
      "peakCurrentAmps": 0.01,
      "timeToGoalSeconds": 1,
    },
    "values": [
      1,
      0.01,
      0.1,
      0.1,
    ],
  },
  {
    "source": {
      "energyJoules": 10,
      "peakCurrentAmps": 1,
      "timeToGoalSeconds": 1,
    },
    "values": [
      1,
      1,
      10,
      10,
    ],
  },
  {
    "source": {
      "energyJoules": 50,
      "peakCurrentAmps": 5,
      "timeToGoalSeconds": 1,
    },
    "values": [
      1,
      5,
      50,
      50,
    ],
  },
  {
    "source": {
      "energyJoules": 100,
      "peakCurrentAmps": 10,
      "timeToGoalSeconds": 1,
    },
    "values": [
      1,
      10,
      100,
      100,
    ],
  },
  {
    "source": {
      "energyJoules": 200,
      "peakCurrentAmps": 20,
      "timeToGoalSeconds": 1,
    },
    "values": [
      1,
      20,
      200,
      200,
    ],
  },
]
`;

exports[`optimizer utility fuzz cases > selects a candidate from every generated priority/tolerance combination 1`] = `
[
  {
    "priorities": [
      "timeToGoal",
    ],
    "selected": 0,
    "tier1Count": 1,
    "tier2Count": 1,
    "tolerance": 0,
  },
  {
    "priorities": [
      "timeToGoal",
    ],
    "selected": 0,
    "tier1Count": 1,
    "tier2Count": 1,
    "tolerance": 0.01,
  },
  {
    "priorities": [
      "timeToGoal",
    ],
    "selected": 0,
    "tier1Count": 1,
    "tier2Count": 1,
    "tolerance": 0.1,
  },
  {
    "priorities": [
      "timeToGoal",
    ],
    "selected": 0,
    "tier1Count": 1,
    "tier2Count": 1,
    "tolerance": 1,
  },
  {
    "priorities": [
      "peakCurrent",
    ],
    "selected": 5,
    "tier1Count": 1,
    "tier2Count": 1,
    "tolerance": 0,
  },
  {
    "priorities": [
      "peakCurrent",
    ],
    "selected": 5,
    "tier1Count": 1,
    "tier2Count": 1,
    "tolerance": 0.01,
  },
  {
    "priorities": [
      "peakCurrent",
    ],
    "selected": 5,
    "tier1Count": 1,
    "tier2Count": 1,
    "tolerance": 0.1,
  },
  {
    "priorities": [
      "peakCurrent",
    ],
    "selected": 5,
    "tier1Count": 1,
    "tier2Count": 1,
    "tolerance": 1,
  },
  {
    "priorities": [
      "energy",
    ],
    "selected": 0,
    "tier1Count": 1,
    "tier2Count": 1,
    "tolerance": 0,
  },
  {
    "priorities": [
      "energy",
    ],
    "selected": 0,
    "tier1Count": 1,
    "tier2Count": 1,
    "tolerance": 0.01,
  },
  {
    "priorities": [
      "energy",
    ],
    "selected": 0,
    "tier1Count": 1,
    "tier2Count": 1,
    "tolerance": 0.1,
  },
  {
    "priorities": [
      "energy",
    ],
    "selected": 0,
    "tier1Count": 1,
    "tier2Count": 1,
    "tolerance": 1,
  },
  {
    "priorities": [
      "avgPower",
    ],
    "selected": 0,
    "tier1Count": 6,
    "tier2Count": 6,
    "tolerance": 0,
  },
  {
    "priorities": [
      "avgPower",
    ],
    "selected": 0,
    "tier1Count": 6,
    "tier2Count": 6,
    "tolerance": 0.01,
  },
  {
    "priorities": [
      "avgPower",
    ],
    "selected": 0,
    "tier1Count": 6,
    "tier2Count": 6,
    "tolerance": 0.1,
  },
  {
    "priorities": [
      "avgPower",
    ],
    "selected": 0,
    "tier1Count": 6,
    "tier2Count": 6,
    "tolerance": 1,
  },
  {
    "priorities": [
      "timeToGoal",
      "energy",
    ],
    "selected": 0,
    "tier1Count": 1,
    "tier2Count": 1,
    "tolerance": 0,
  },
  {
    "priorities": [
      "timeToGoal",
      "energy",
    ],
    "selected": 0,
    "tier1Count": 1,
    "tier2Count": 1,
    "tolerance": 0.01,
  },
  {
    "priorities": [
      "timeToGoal",
      "energy",
    ],
    "selected": 0,
    "tier1Count": 1,
    "tier2Count": 1,
    "tolerance": 0.1,
  },
  {
    "priorities": [
      "timeToGoal",
      "energy",
    ],
    "selected": 0,
    "tier1Count": 1,
    "tier2Count": 1,
    "tolerance": 1,
  },
  {
    "priorities": [
      "peakCurrent",
      "timeToGoal",
      "energy",
    ],
    "selected": 5,
    "tier1Count": 1,
    "tier2Count": 1,
    "tolerance": 0,
  },
  {
    "priorities": [
      "peakCurrent",
      "timeToGoal",
      "energy",
    ],
    "selected": 5,
    "tier1Count": 1,
    "tier2Count": 1,
    "tolerance": 0.01,
  },
  {
    "priorities": [
      "peakCurrent",
      "timeToGoal",
      "energy",
    ],
    "selected": 5,
    "tier1Count": 1,
    "tier2Count": 1,
    "tolerance": 0.1,
  },
  {
    "priorities": [
      "peakCurrent",
      "timeToGoal",
      "energy",
    ],
    "selected": 5,
    "tier1Count": 1,
    "tier2Count": 1,
    "tolerance": 1,
  },
]
`;
